<?xml version="1.0"?>
<link_info>
   <banner>TI ARM Linker PC v5.2.5</banner>
   <copyright>Copyright (c) 1996-2015 Texas Instruments Incorporated</copyright>
   <link_time>0x564a0c18</link_time>
   <link_errors>0x0</link_errors>
   <output_file>IMU_G3.out</output_file>
   <entry_point>
      <name>_c_int00</name>
      <address>0x81b9</address>
   </entry_point>
   <input_file_list>
      <input_file id="fl-2">
         <path>.\</path>
         <kind>object</kind>
         <file>cobs.obj</file>
         <name>cobs.obj</name>
      </input_file>
      <input_file id="fl-3">
         <path>.\</path>
         <kind>object</kind>
         <file>imu.obj</file>
         <name>imu.obj</name>
      </input_file>
      <input_file id="fl-4">
         <path>.\</path>
         <kind>object</kind>
         <file>main.obj</file>
         <name>main.obj</name>
      </input_file>
      <input_file id="fl-5">
         <path>.\</path>
         <kind>object</kind>
         <file>registers.obj</file>
         <name>registers.obj</name>
      </input_file>
      <input_file id="fl-6">
         <path>.\</path>
         <kind>object</kind>
         <file>sd.obj</file>
         <name>sd.obj</name>
      </input_file>
      <input_file id="fl-7">
         <path>.\</path>
         <kind>object</kind>
         <file>tm4c1294ncpdt_startup_ccs.obj</file>
         <name>tm4c1294ncpdt_startup_ccs.obj</name>
      </input_file>
      <input_file id="fl-8">
         <path>.\</path>
         <kind>object</kind>
         <file>vector3.obj</file>
         <name>vector3.obj</name>
      </input_file>
      <input_file id="fl-9">
         <path>.\utils\</path>
         <kind>object</kind>
         <file>uartstdio.obj</file>
         <name>uartstdio.obj</name>
      </input_file>
      <input_file id="fl-a">
         <path>.\utils\</path>
         <kind>object</kind>
         <file>ustdlib.obj</file>
         <name>ustdlib.obj</name>
      </input_file>
      <input_file id="fl-b">
         <path>.\fatfs\</path>
         <kind>object</kind>
         <file>ff.obj</file>
         <name>ff.obj</name>
      </input_file>
      <input_file id="fl-c">
         <path>.\fatfs\</path>
         <kind>object</kind>
         <file>mmc-ek-tm4c1294xl.obj</file>
         <name>mmc-ek-tm4c1294xl.obj</name>
      </input_file>
      <input_file id="fl-133">
         <path>C:\ti\ccsv6\tools\compiler\ti-cgt-arm_5.2.5\lib\</path>
         <kind>archive</kind>
         <file>rtsv7M4_T_le_v4SPD16_eabi.lib</file>
         <name>boot.obj</name>
      </input_file>
      <input_file id="fl-134">
         <path>C:\ti\ccsv6\tools\compiler\ti-cgt-arm_5.2.5\lib\</path>
         <kind>archive</kind>
         <file>rtsv7M4_T_le_v4SPD16_eabi.lib</file>
         <name>copy_decompress_none.obj</name>
      </input_file>
      <input_file id="fl-135">
         <path>C:\ti\ccsv6\tools\compiler\ti-cgt-arm_5.2.5\lib\</path>
         <kind>archive</kind>
         <file>rtsv7M4_T_le_v4SPD16_eabi.lib</file>
         <name>copy_decompress_rle.obj</name>
      </input_file>
      <input_file id="fl-136">
         <path>C:\ti\ccsv6\tools\compiler\ti-cgt-arm_5.2.5\lib\</path>
         <kind>archive</kind>
         <file>rtsv7M4_T_le_v4SPD16_eabi.lib</file>
         <name>copy_zero_init.obj</name>
      </input_file>
      <input_file id="fl-137">
         <path>C:\ti\ccsv6\tools\compiler\ti-cgt-arm_5.2.5\lib\</path>
         <kind>archive</kind>
         <file>rtsv7M4_T_le_v4SPD16_eabi.lib</file>
         <name>exit.obj</name>
      </input_file>
      <input_file id="fl-138">
         <path>C:\ti\ccsv6\tools\compiler\ti-cgt-arm_5.2.5\lib\</path>
         <kind>archive</kind>
         <file>rtsv7M4_T_le_v4SPD16_eabi.lib</file>
         <name>fd_add_t2.obj</name>
      </input_file>
      <input_file id="fl-139">
         <path>C:\ti\ccsv6\tools\compiler\ti-cgt-arm_5.2.5\lib\</path>
         <kind>archive</kind>
         <file>rtsv7M4_T_le_v4SPD16_eabi.lib</file>
         <name>fd_cmp_t2.obj</name>
      </input_file>
      <input_file id="fl-13a">
         <path>C:\ti\ccsv6\tools\compiler\ti-cgt-arm_5.2.5\lib\</path>
         <kind>archive</kind>
         <file>rtsv7M4_T_le_v4SPD16_eabi.lib</file>
         <name>fd_div_t2.obj</name>
      </input_file>
      <input_file id="fl-13b">
         <path>C:\ti\ccsv6\tools\compiler\ti-cgt-arm_5.2.5\lib\</path>
         <kind>archive</kind>
         <file>rtsv7M4_T_le_v4SPD16_eabi.lib</file>
         <name>fd_mul_t2.obj</name>
      </input_file>
      <input_file id="fl-13c">
         <path>C:\ti\ccsv6\tools\compiler\ti-cgt-arm_5.2.5\lib\</path>
         <kind>archive</kind>
         <file>rtsv7M4_T_le_v4SPD16_eabi.lib</file>
         <name>fd_tos_t2.obj</name>
      </input_file>
      <input_file id="fl-13d">
         <path>C:\ti\ccsv6\tools\compiler\ti-cgt-arm_5.2.5\lib\</path>
         <kind>archive</kind>
         <file>rtsv7M4_T_le_v4SPD16_eabi.lib</file>
         <name>fs_tod_t2.obj</name>
      </input_file>
      <input_file id="fl-13e">
         <path>C:\ti\ccsv6\tools\compiler\ti-cgt-arm_5.2.5\lib\</path>
         <kind>archive</kind>
         <file>rtsv7M4_T_le_v4SPD16_eabi.lib</file>
         <name>i_tofd_t2.obj</name>
      </input_file>
      <input_file id="fl-13f">
         <path>C:\ti\ccsv6\tools\compiler\ti-cgt-arm_5.2.5\lib\</path>
         <kind>archive</kind>
         <file>rtsv7M4_T_le_v4SPD16_eabi.lib</file>
         <name>memcpy_t2.obj</name>
      </input_file>
      <input_file id="fl-140">
         <path>C:\ti\ccsv6\tools\compiler\ti-cgt-arm_5.2.5\lib\</path>
         <kind>archive</kind>
         <file>rtsv7M4_T_le_v4SPD16_eabi.lib</file>
         <name>memset_t2.obj</name>
      </input_file>
      <input_file id="fl-141">
         <path>C:\ti\ccsv6\tools\compiler\ti-cgt-arm_5.2.5\lib\</path>
         <kind>archive</kind>
         <file>rtsv7M4_T_le_v4SPD16_eabi.lib</file>
         <name>pre_init.obj</name>
      </input_file>
      <input_file id="fl-142">
         <path>C:\ti\ccsv6\tools\compiler\ti-cgt-arm_5.2.5\lib\</path>
         <kind>archive</kind>
         <file>rtsv7M4_T_le_v4SPD16_eabi.lib</file>
         <name>sqrt.obj</name>
      </input_file>
      <input_file id="fl-143">
         <path>C:\ti\ccsv6\tools\compiler\ti-cgt-arm_5.2.5\lib\</path>
         <kind>archive</kind>
         <file>rtsv7M4_T_le_v4SPD16_eabi.lib</file>
         <name>stkdepth_vars.obj</name>
      </input_file>
      <input_file id="fl-144">
         <path>C:\ti\ccsv6\tools\compiler\ti-cgt-arm_5.2.5\lib\</path>
         <kind>archive</kind>
         <file>rtsv7M4_T_le_v4SPD16_eabi.lib</file>
         <name>u_divt2.obj</name>
      </input_file>
      <input_file id="fl-145">
         <path>C:\ti\ccsv6\tools\compiler\ti-cgt-arm_5.2.5\lib\</path>
         <kind>archive</kind>
         <file>rtsv7M4_T_le_v4SPD16_eabi.lib</file>
         <name>xdscale.obj</name>
      </input_file>
      <input_file id="fl-146">
         <path>C:\ti\ccsv6\tools\compiler\ti-cgt-arm_5.2.5\lib\</path>
         <kind>archive</kind>
         <file>rtsv7M4_T_le_v4SPD16_eabi.lib</file>
         <name>xdunscal.obj</name>
      </input_file>
      <input_file id="fl-147">
         <path>C:\ti\ccsv6\tools\compiler\ti-cgt-arm_5.2.5\lib\</path>
         <kind>archive</kind>
         <file>rtsv7M4_T_le_v4SPD16_eabi.lib</file>
         <name>xferaise.obj</name>
      </input_file>
      <input_file id="fl-148">
         <path>C:\ti\ccsv6\tools\compiler\ti-cgt-arm_5.2.5\lib\</path>
         <kind>archive</kind>
         <file>rtsv7M4_T_le_v4SPD16_eabi.lib</file>
         <name>xvalues.obj</name>
      </input_file>
      <input_file id="fl-149">
         <path>C:\ti\ccsv6\tools\compiler\ti-cgt-arm_5.2.5\lib\</path>
         <kind>archive</kind>
         <file>rtsv7M4_T_le_v4SPD16_eabi.lib</file>
         <name>_lock.obj</name>
      </input_file>
      <input_file id="fl-14a">
         <path>C:\ti\ccsv6\tools\compiler\ti-cgt-arm_5.2.5\lib\</path>
         <kind>archive</kind>
         <file>rtsv7M4_T_le_v4SPD16_eabi.lib</file>
         <name>args_main.obj</name>
      </input_file>
      <input_file id="fl-14b">
         <path>C:\ti\ccsv6\tools\compiler\ti-cgt-arm_5.2.5\lib\</path>
         <kind>archive</kind>
         <file>rtsv7M4_T_le_v4SPD16_eabi.lib</file>
         <name>autoinit.obj</name>
      </input_file>
      <input_file id="fl-14c">
         <path>C:\ti\ccsv6\tools\compiler\ti-cgt-arm_5.2.5\lib\</path>
         <kind>archive</kind>
         <file>rtsv7M4_T_le_v4SPD16_eabi.lib</file>
         <name>cpy_tbl.obj</name>
      </input_file>
      <input_file id="fl-14d">
         <path>C:\ti\ccsv6\tools\compiler\ti-cgt-arm_5.2.5\lib\</path>
         <kind>archive</kind>
         <file>rtsv7M4_T_le_v4SPD16_eabi.lib</file>
         <name>errno.obj</name>
      </input_file>
      <input_file id="fl-14e">
         <path>C:\ti\ccsv6\tools\compiler\ti-cgt-arm_5.2.5\lib\</path>
         <kind>archive</kind>
         <file>rtsv7M4_T_le_v4SPD16_eabi.lib</file>
         <name>feraiseexcept.obj</name>
      </input_file>
      <input_file id="fl-14f">
         <path>C:\ti\ccsv6\tools\compiler\ti-cgt-arm_5.2.5\lib\</path>
         <kind>archive</kind>
         <file>rtsv7M4_T_le_v4SPD16_eabi.lib</file>
         <name>i_div0.obj</name>
      </input_file>
      <input_file id="fl-150">
         <path>C:\ti\ccsv6\tools\compiler\ti-cgt-arm_5.2.5\lib\</path>
         <kind>archive</kind>
         <file>rtsv7M4_T_le_v4SPD16_eabi.lib</file>
         <name>raise.obj</name>
      </input_file>
      <input_file id="fl-151">
         <path>C:\ti\ccsv6\tools\compiler\ti-cgt-arm_5.2.5\lib\</path>
         <kind>archive</kind>
         <file>rtsv7M4_T_le_v4SPD16_eabi.lib</file>
         <name>signal.obj</name>
      </input_file>
      <input_file id="fl-152">
         <path>C:\ti\ccsv6\tools\compiler\ti-cgt-arm_5.2.5\lib\</path>
         <kind>archive</kind>
         <file>rtsv7M4_T_le_v4SPD16_eabi.lib</file>
         <name>xdnorm.obj</name>
      </input_file>
      <input_file id="fl-153">
         <path>C:\ti\TivaWare_C_Series-2.1.0.12573\driverlib\ccs\Debug\</path>
         <kind>archive</kind>
         <file>driverlib.lib</file>
         <name>timer.obj</name>
      </input_file>
      <input_file id="fl-154">
         <path>C:\ti\TivaWare_C_Series-2.1.0.12573\driverlib\ccs\Debug\</path>
         <kind>archive</kind>
         <file>driverlib.lib</file>
         <name>sysctl.obj</name>
      </input_file>
      <input_file id="fl-155">
         <path>C:\ti\TivaWare_C_Series-2.1.0.12573\driverlib\ccs\Debug\</path>
         <kind>archive</kind>
         <file>driverlib.lib</file>
         <name>interrupt.obj</name>
      </input_file>
      <input_file id="fl-156">
         <path>C:\ti\TivaWare_C_Series-2.1.0.12573\driverlib\ccs\Debug\</path>
         <kind>archive</kind>
         <file>driverlib.lib</file>
         <name>i2c.obj</name>
      </input_file>
      <input_file id="fl-157">
         <path>C:\ti\TivaWare_C_Series-2.1.0.12573\driverlib\ccs\Debug\</path>
         <kind>archive</kind>
         <file>driverlib.lib</file>
         <name>gpio.obj</name>
      </input_file>
      <input_file id="fl-158">
         <path>C:\ti\TivaWare_C_Series-2.1.0.12573\driverlib\ccs\Debug\</path>
         <kind>archive</kind>
         <file>driverlib.lib</file>
         <name>cpu.obj</name>
      </input_file>
   </input_file_list>
   <object_component_list>
      <object_component id="oc-f">
         <name>.intvecs</name>
         <load_address>0x0</load_address>
         <run_address>0x0</run_address>
         <size>0x208</size>
         <input_file_ref idref="fl-7"/>
      </object_component>
      <object_component id="oc-30">
         <name>.text</name>
         <load_address>0x208</load_address>
         <run_address>0x208</run_address>
         <size>0x2cb4</size>
         <input_file_ref idref="fl-4"/>
      </object_component>
      <object_component id="oc-210">
         <name>.text</name>
         <load_address>0x2ebc</load_address>
         <run_address>0x2ebc</run_address>
         <size>0x2a14</size>
         <input_file_ref idref="fl-b"/>
      </object_component>
      <object_component id="oc-8d">
         <name>.text</name>
         <load_address>0x58d0</load_address>
         <run_address>0x58d0</run_address>
         <size>0x944</size>
         <input_file_ref idref="fl-c"/>
      </object_component>
      <object_component id="oc-36">
         <name>.text</name>
         <load_address>0x6214</load_address>
         <run_address>0x6214</run_address>
         <size>0x914</size>
         <input_file_ref idref="fl-9"/>
      </object_component>
      <object_component id="oc-3c">
         <name>.text</name>
         <load_address>0x6b28</load_address>
         <run_address>0x6b28</run_address>
         <size>0x31c</size>
         <input_file_ref idref="fl-5"/>
      </object_component>
      <object_component id="oc-c0">
         <name>.text</name>
         <load_address>0x6e44</load_address>
         <run_address>0x6e44</run_address>
         <size>0x314</size>
         <input_file_ref idref="fl-3"/>
      </object_component>
      <object_component id="oc-10d">
         <name>.text</name>
         <load_address>0x7158</load_address>
         <run_address>0x7158</run_address>
         <size>0x2c0</size>
         <input_file_ref idref="fl-6"/>
      </object_component>
      <object_component id="oc-96">
         <name>.text:SysCtlClockFreqSet</name>
         <load_address>0x7418</load_address>
         <run_address>0x7418</run_address>
         <size>0x1fc</size>
         <input_file_ref idref="fl-154"/>
      </object_component>
      <object_component id="oc-d9">
         <name>.text</name>
         <load_address>0x7614</load_address>
         <run_address>0x7614</run_address>
         <size>0x1b6</size>
         <input_file_ref idref="fl-138"/>
      </object_component>
      <object_component id="oc-23d">
         <name>.text</name>
         <load_address>0x77ca</load_address>
         <run_address>0x77ca</run_address>
         <size>0x2</size>
         <input_file_ref idref="fl-14f"/>
      </object_component>
      <object_component id="oc-fe">
         <name>.text</name>
         <load_address>0x77cc</load_address>
         <run_address>0x77cc</run_address>
         <size>0x148</size>
         <input_file_ref idref="fl-142"/>
      </object_component>
      <object_component id="oc-d4">
         <name>.text</name>
         <load_address>0x7914</load_address>
         <run_address>0x7914</run_address>
         <size>0x136</size>
         <input_file_ref idref="fl-13a"/>
      </object_component>
      <object_component id="oc-ae">
         <name>.text:GPIOPadConfigSet</name>
         <load_address>0x7a4a</load_address>
         <run_address>0x7a4a</run_address>
         <size>0x130</size>
         <input_file_ref idref="fl-157"/>
      </object_component>
      <object_component id="oc-1fc">
         <name>.text</name>
         <load_address>0x7b7c</load_address>
         <run_address>0x7b7c</run_address>
         <size>0x110</size>
         <input_file_ref idref="fl-145"/>
      </object_component>
      <object_component id="oc-f9">
         <name>.text</name>
         <load_address>0x7c8c</load_address>
         <run_address>0x7c8c</run_address>
         <size>0xfc</size>
         <input_file_ref idref="fl-13b"/>
      </object_component>
      <object_component id="oc-291">
         <name>.text</name>
         <load_address>0x7d88</load_address>
         <run_address>0x7d88</run_address>
         <size>0xbe</size>
         <input_file_ref idref="fl-152"/>
      </object_component>
      <object_component id="oc-45">
         <name>.text</name>
         <load_address>0x7e46</load_address>
         <run_address>0x7e46</run_address>
         <size>0x9c</size>
         <input_file_ref idref="fl-13f"/>
      </object_component>
      <object_component id="oc-107">
         <name>.text</name>
         <load_address>0x7ee2</load_address>
         <run_address>0x7ee2</run_address>
         <size>0x9a</size>
         <input_file_ref idref="fl-2"/>
      </object_component>
      <object_component id="oc-f4">
         <name>.text:__aeabi_cdrcmple</name>
         <load_address>0x7f7c</load_address>
         <run_address>0x7f7c</run_address>
         <size>0x86</size>
         <input_file_ref idref="fl-139"/>
      </object_component>
      <object_component id="oc-5e">
         <name>.text</name>
         <load_address>0x8002</load_address>
         <run_address>0x8002</run_address>
         <size>0x7a</size>
         <input_file_ref idref="fl-140"/>
      </object_component>
      <object_component id="oc-70">
         <name>.text</name>
         <load_address>0x807c</load_address>
         <run_address>0x807c</run_address>
         <size>0x6c</size>
         <input_file_ref idref="fl-14b"/>
      </object_component>
      <object_component id="oc-51">
         <name>.text</name>
         <load_address>0x80e8</load_address>
         <run_address>0x80e8</run_address>
         <size>0x6a</size>
         <input_file_ref idref="fl-135"/>
      </object_component>
      <object_component id="oc-1f6">
         <name>.text</name>
         <load_address>0x8152</load_address>
         <run_address>0x8152</run_address>
         <size>0x66</size>
         <input_file_ref idref="fl-146"/>
      </object_component>
      <object_component id="oc-24">
         <name>.text</name>
         <load_address>0x81b8</load_address>
         <run_address>0x81b8</run_address>
         <size>0x50</size>
         <input_file_ref idref="fl-133"/>
      </object_component>
      <object_component id="oc-179">
         <name>.text</name>
         <load_address>0x8208</load_address>
         <run_address>0x8208</run_address>
         <size>0x4c</size>
         <input_file_ref idref="fl-14c"/>
      </object_component>
      <object_component id="oc-1b0">
         <name>.text:_SysCtlFrequencyGet</name>
         <load_address>0x8254</load_address>
         <run_address>0x8254</run_address>
         <size>0x48</size>
         <input_file_ref idref="fl-154"/>
      </object_component>
      <object_component id="oc-de">
         <name>.text</name>
         <load_address>0x829c</load_address>
         <run_address>0x829c</run_address>
         <size>0x48</size>
         <input_file_ref idref="fl-13c"/>
      </object_component>
      <object_component id="oc-7c">
         <name>.text</name>
         <load_address>0x82e4</load_address>
         <run_address>0x82e4</run_address>
         <size>0x44</size>
         <input_file_ref idref="fl-137"/>
      </object_component>
      <object_component id="oc-2eb">
         <name>.text</name>
         <load_address>0x8328</load_address>
         <run_address>0x8328</run_address>
         <size>0x40</size>
         <input_file_ref idref="fl-151"/>
      </object_component>
      <object_component id="oc-139">
         <name>.text</name>
         <load_address>0x8368</load_address>
         <run_address>0x8368</run_address>
         <size>0x40</size>
         <input_file_ref idref="fl-144"/>
      </object_component>
      <object_component id="oc-ef">
         <name>.text</name>
         <load_address>0x83a8</load_address>
         <run_address>0x83a8</run_address>
         <size>0x38</size>
         <input_file_ref idref="fl-13d"/>
      </object_component>
      <object_component id="oc-29b">
         <name>.text</name>
         <load_address>0x83e0</load_address>
         <run_address>0x83e0</run_address>
         <size>0x34</size>
         <input_file_ref idref="fl-14e"/>
      </object_component>
      <object_component id="oc-202">
         <name>.text</name>
         <load_address>0x8414</load_address>
         <run_address>0x8414</run_address>
         <size>0x30</size>
         <input_file_ref idref="fl-147"/>
      </object_component>
      <object_component id="oc-cf">
         <name>.text</name>
         <load_address>0x8444</load_address>
         <run_address>0x8444</run_address>
         <size>0x2e</size>
         <input_file_ref idref="fl-13e"/>
      </object_component>
      <object_component id="oc-2da">
         <name>.text</name>
         <load_address>0x8472</load_address>
         <run_address>0x8472</run_address>
         <size>0x2e</size>
         <input_file_ref idref="fl-150"/>
      </object_component>
      <object_component id="oc-1aa">
         <name>.text:_SysCtlMemTimingGet</name>
         <load_address>0x84a0</load_address>
         <run_address>0x84a0</run_address>
         <size>0x1c</size>
         <input_file_ref idref="fl-154"/>
      </object_component>
      <object_component id="oc-76">
         <name>.text</name>
         <load_address>0x84bc</load_address>
         <run_address>0x84bc</run_address>
         <size>0x18</size>
         <input_file_ref idref="fl-14a"/>
      </object_component>
      <object_component id="oc-261">
         <name>.text</name>
         <load_address>0x84d4</load_address>
         <run_address>0x84d4</run_address>
         <size>0x14</size>
         <input_file_ref idref="fl-149"/>
      </object_component>
      <object_component id="oc-a8">
         <name>.text:I2CSlaveEnable</name>
         <load_address>0x84e8</load_address>
         <run_address>0x84e8</run_address>
         <size>0x10</size>
         <input_file_ref idref="fl-156"/>
      </object_component>
      <object_component id="oc-9c">
         <name>.text:I2CSlaveInit</name>
         <load_address>0x84f8</load_address>
         <run_address>0x84f8</run_address>
         <size>0xe</size>
         <input_file_ref idref="fl-156"/>
      </object_component>
      <object_component id="oc-12">
         <name>.text:decompress:none</name>
         <load_address>0x8506</load_address>
         <run_address>0x8506</run_address>
         <size>0xe</size>
         <input_file_ref idref="fl-134"/>
      </object_component>
      <object_component id="oc-a2">
         <name>.text:I2CSlaveIntEnableEx</name>
         <load_address>0x8514</load_address>
         <run_address>0x8514</run_address>
         <size>0xc</size>
         <input_file_ref idref="fl-156"/>
      </object_component>
      <object_component id="oc-1e">
         <name>.text:decompress:ZI</name>
         <load_address>0x8520</load_address>
         <run_address>0x8520</run_address>
         <size>0xc</size>
         <input_file_ref idref="fl-136"/>
      </object_component>
      <object_component id="oc-2a">
         <name>.text</name>
         <load_address>0x852c</load_address>
         <run_address>0x852c</run_address>
         <size>0xc</size>
         <input_file_ref idref="fl-7"/>
      </object_component>
      <object_component id="oc-c6">
         <name>.text:GPIOPinWrite</name>
         <load_address>0x8538</load_address>
         <run_address>0x8538</run_address>
         <size>0x6</size>
         <input_file_ref idref="fl-157"/>
      </object_component>
      <object_component id="oc-151">
         <name>.text:I2CSlaveDataGet</name>
         <load_address>0x853e</load_address>
         <run_address>0x853e</run_address>
         <size>0x6</size>
         <input_file_ref idref="fl-156"/>
      </object_component>
      <object_component id="oc-14b">
         <name>.text:I2CSlaveDataPut</name>
         <load_address>0x8544</load_address>
         <run_address>0x8544</run_address>
         <size>0x6</size>
         <input_file_ref idref="fl-156"/>
      </object_component>
      <object_component id="oc-145">
         <name>.text:I2CSlaveStatus</name>
         <load_address>0x854a</load_address>
         <run_address>0x854a</run_address>
         <size>0x6</size>
         <input_file_ref idref="fl-156"/>
      </object_component>
      <object_component id="oc-1d9">
         <name>.text:SysCtlDelay</name>
         <load_address>0x8550</load_address>
         <run_address>0x8550</run_address>
         <size>0x6</size>
         <input_file_ref idref="fl-154"/>
      </object_component>
      <object_component id="oc-18">
         <name>.text:decompress:rle24</name>
         <load_address>0x8556</load_address>
         <run_address>0x8556</run_address>
         <size>0x6</size>
         <input_file_ref idref="fl-135"/>
      </object_component>
      <object_component id="oc-87">
         <name>.text:TimerIntClear</name>
         <load_address>0x855c</load_address>
         <run_address>0x855c</run_address>
         <size>0x4</size>
         <input_file_ref idref="fl-153"/>
      </object_component>
      <object_component id="oc-6a">
         <name>.text</name>
         <load_address>0x8560</load_address>
         <run_address>0x8560</run_address>
         <size>0x4</size>
         <input_file_ref idref="fl-141"/>
      </object_component>
      <object_component id="oc-2b3">
         <name>.const:.string</name>
         <load_address>0x8564</load_address>
         <run_address>0x8564</run_address>
         <size>0x13a</size>
         <input_file_ref idref="fl-6"/>
      </object_component>
      <object_component id="oc-1b9">
         <name>.const:g_pppui32XTALtoVCO</name>
         <load_address>0x86a0</load_address>
         <run_address>0x86a0</run_address>
         <size>0x120</size>
         <input_file_ref idref="fl-154"/>
      </object_component>
      <object_component id="oc-1da">
         <name>.const:IMU_PORT_BASE</name>
         <load_address>0x87c0</load_address>
         <run_address>0x87c0</run_address>
         <size>0x80</size>
         <input_file_ref idref="fl-3"/>
      </object_component>
      <object_component id="oc-b7">
         <name>.const:IMU_PORT_BASE</name>
         <load_address>0x8840</load_address>
         <run_address>0x8840</run_address>
         <size>0x80</size>
         <input_file_ref idref="fl-4"/>
      </object_component>
      <object_component id="oc-1b6">
         <name>.const:g_pui32Xtals</name>
         <load_address>0x88c0</load_address>
         <run_address>0x88c0</run_address>
         <size>0x6c</size>
         <input_file_ref idref="fl-154"/>
      </object_component>
      <object_component id="oc-e3">
         <name>.const</name>
         <load_address>0x892c</load_address>
         <run_address>0x892c</run_address>
         <size>0x64</size>
         <input_file_ref idref="fl-4"/>
      </object_component>
      <object_component id="oc-275">
         <name>.const:g_sXTALtoMEMTIM</name>
         <load_address>0x8990</load_address>
         <run_address>0x8990</run_address>
         <size>0x30</size>
         <input_file_ref idref="fl-154"/>
      </object_component>
      <object_component id="oc-12d">
         <name>.const</name>
         <load_address>0x89c0</load_address>
         <run_address>0x89c0</run_address>
         <size>0x28</size>
         <input_file_ref idref="fl-9"/>
      </object_component>
      <object_component id="oc-1dd">
         <name>.const:.string</name>
         <load_address>0x89e8</load_address>
         <run_address>0x89e8</run_address>
         <size>0x20</size>
         <input_file_ref idref="fl-3"/>
      </object_component>
      <object_component id="oc-ba">
         <name>.const:.string</name>
         <load_address>0x8a08</load_address>
         <run_address>0x8a08</run_address>
         <size>0x20</size>
         <input_file_ref idref="fl-4"/>
      </object_component>
      <object_component id="oc-234">
         <name>.const:.string</name>
         <load_address>0x8a28</load_address>
         <run_address>0x8a28</run_address>
         <size>0x12</size>
         <input_file_ref idref="fl-9"/>
      </object_component>
      <object_component id="oc-1bc">
         <name>.const</name>
         <load_address>0x8a3c</load_address>
         <run_address>0x8a3c</run_address>
         <size>0x8</size>
         <input_file_ref idref="fl-154"/>
      </object_component>
      <object_component id="oc-333">
         <name>.cinit..data.load</name>
         <load_address>0x8a48</load_address>
         <run_address>0x8a48</run_address>
         <size>0xef</size>
      </object_component>
      <object_component id="oc-331">
         <name>__TI_handler_table</name>
         <load_address>0x8b38</load_address>
         <run_address>0x8b38</run_address>
         <size>0xc</size>
      </object_component>
      <object_component id="oc-334">
         <name>.cinit..bss.load</name>
         <load_address>0x8b48</load_address>
         <run_address>0x8b48</run_address>
         <size>0x8</size>
      </object_component>
      <object_component id="oc-332">
         <name>__TI_cinit_table</name>
         <load_address>0x8b50</load_address>
         <run_address>0x8b50</run_address>
         <size>0x10</size>
      </object_component>
      <object_component id="oc-29">
         <name>.stack</name>
         <uninitialized>true</uninitialized>
         <run_address>0x2000ed34</run_address>
         <size>0x0</size>
         <input_file_ref idref="fl-133"/>
      </object_component>
      <object_component id="oc-335">
         <name>.stack</name>
         <uninitialized>true</uninitialized>
         <run_address>0x2000ed34</run_address>
         <size>0x0</size>
      </object_component>
      <object_component id="oc-cc">
         <name>.bss:queue</name>
         <uninitialized>true</uninitialized>
         <run_address>0x20000000</run_address>
         <size>0xb090</size>
         <input_file_ref idref="fl-4"/>
      </object_component>
      <object_component id="oc-104">
         <name>.bss:processedData</name>
         <uninitialized>true</uninitialized>
         <run_address>0x2000d3c4</run_address>
         <size>0x54</size>
         <input_file_ref idref="fl-4"/>
      </object_component>
      <object_component id="oc-bd">
         <name>.bss:cc</name>
         <uninitialized>true</uninitialized>
         <run_address>0x2000b090</run_address>
         <size>0x1980</size>
         <input_file_ref idref="fl-4"/>
      </object_component>
      <object_component id="oc-157">
         <name>.bss:regRW</name>
         <uninitialized>true</uninitialized>
         <run_address>0x2000d268</run_address>
         <size>0xdc</size>
         <input_file_ref idref="fl-5"/>
      </object_component>
      <object_component id="oc-21c">
         <name>.bss:fatFS</name>
         <uninitialized>true</uninitialized>
         <run_address>0x2000ce10</run_address>
         <size>0x234</size>
         <input_file_ref idref="fl-6"/>
      </object_component>
      <object_component id="oc-21f">
         <name>.bss:fil</name>
         <uninitialized>true</uninitialized>
         <run_address>0x2000d044</run_address>
         <size>0x224</size>
         <input_file_ref idref="fl-6"/>
      </object_component>
      <object_component id="oc-133">
         <name>.bss:g_pcUARTTxBuffer</name>
         <uninitialized>true</uninitialized>
         <run_address>0x2000ca10</run_address>
         <size>0x400</size>
         <input_file_ref idref="fl-9"/>
      </object_component>
      <object_component id="oc-136">
         <name>.bss:g_pcUARTRxBuffer</name>
         <uninitialized>true</uninitialized>
         <run_address>0x2000d344</run_address>
         <size>0x80</size>
         <input_file_ref idref="fl-9"/>
      </object_component>
      <object_component id="oc-b4">
         <name>.common:systemClock</name>
         <uninitialized>true</uninitialized>
         <run_address>0x2000d420</run_address>
         <size>0x4</size>
      </object_component>
      <object_component id="oc-13e">
         <name>.common:g_bDisableEcho</name>
         <uninitialized>true</uninitialized>
         <run_address>0x2000d429</run_address>
         <size>0x1</size>
      </object_component>
      <object_component id="oc-130">
         <name>.common:g_ui32PortNum</name>
         <uninitialized>true</uninitialized>
         <run_address>0x2000d41c</run_address>
         <size>0x4</size>
      </object_component>
      <object_component id="oc-2ae">
         <name>.common:FatFs</name>
         <uninitialized>true</uninitialized>
         <run_address>0x2000d418</run_address>
         <size>0x4</size>
      </object_component>
      <object_component id="oc-2b1">
         <name>.common:Fsid</name>
         <uninitialized>true</uninitialized>
         <run_address>0x2000d424</run_address>
         <size>0x2</size>
      </object_component>
      <object_component id="oc-19b">
         <name>.common:Timer1</name>
         <uninitialized>true</uninitialized>
         <run_address>0x2000d427</run_address>
         <size>0x1</size>
      </object_component>
      <object_component id="oc-195">
         <name>.common:Timer2</name>
         <uninitialized>true</uninitialized>
         <run_address>0x2000d428</run_address>
         <size>0x1</size>
      </object_component>
      <object_component id="oc-19c">
         <name>.common:CardType</name>
         <uninitialized>true</uninitialized>
         <run_address>0x2000d426</run_address>
         <size>0x1</size>
      </object_component>
      <object_component id="oc-1e0">
         <name>.data</name>
         <load_address>0x2000eb24</load_address>
         <run_address>0x2000eb24</run_address>
         <size>0x4</size>
         <input_file_ref idref="fl-3"/>
      </object_component>
      <object_component id="oc-93">
         <name>.data</name>
         <load_address>0x2000ec28</load_address>
         <run_address>0x2000ec28</run_address>
         <size>0x4e</size>
         <input_file_ref idref="fl-4"/>
      </object_component>
      <object_component id="oc-e9">
         <name>.data:dataCal</name>
         <load_address>0x2000e430</load_address>
         <run_address>0x2000e430</run_address>
         <size>0x300</size>
         <input_file_ref idref="fl-4"/>
      </object_component>
      <object_component id="oc-e6">
         <name>.data:tempCal</name>
         <load_address>0x2000eba8</load_address>
         <run_address>0x2000eba8</run_address>
         <size>0x80</size>
         <input_file_ref idref="fl-4"/>
      </object_component>
      <object_component id="oc-ec">
         <name>.data:dataAvgd</name>
         <load_address>0x2000ec78</load_address>
         <run_address>0x2000ec78</run_address>
         <size>0x48</size>
         <input_file_ref idref="fl-4"/>
      </object_component>
      <object_component id="oc-113">
         <name>.data:rawEncodedData</name>
         <load_address>0x2000e730</load_address>
         <run_address>0x2000e730</run_address>
         <size>0x1c8</size>
         <input_file_ref idref="fl-4"/>
      </object_component>
      <object_component id="oc-119">
         <name>.data:calEncodedData</name>
         <load_address>0x2000ecc0</load_address>
         <run_address>0x2000ecc0</run_address>
         <size>0x3a</size>
         <input_file_ref idref="fl-4"/>
      </object_component>
      <object_component id="oc-116">
         <name>.data:sdWriteBuff</name>
         <load_address>0x2000d430</load_address>
         <run_address>0x2000d430</run_address>
         <size>0x1000</size>
         <input_file_ref idref="fl-4"/>
      </object_component>
      <object_component id="oc-15a">
         <name>.data</name>
         <load_address>0x2000ed11</load_address>
         <run_address>0x2000ed11</run_address>
         <size>0x3</size>
         <input_file_ref idref="fl-5"/>
      </object_component>
      <object_component id="oc-11c">
         <name>.data:reg</name>
         <load_address>0x2000e8f8</load_address>
         <run_address>0x2000e8f8</run_address>
         <size>0xdc</size>
         <input_file_ref idref="fl-5"/>
      </object_component>
      <object_component id="oc-219">
         <name>.data</name>
         <load_address>0x2000ecfa</load_address>
         <run_address>0x2000ecfa</run_address>
         <size>0x1</size>
         <input_file_ref idref="fl-6"/>
      </object_component>
      <object_component id="oc-216">
         <name>.data:fatFsResultStrings</name>
         <load_address>0x2000ea84</load_address>
         <run_address>0x2000ea84</run_address>
         <size>0xa0</size>
         <input_file_ref idref="fl-6"/>
      </object_component>
      <object_component id="oc-12a">
         <name>.data</name>
         <load_address>0x2000ecfc</load_address>
         <run_address>0x2000ecfc</run_address>
         <size>0x15</size>
         <input_file_ref idref="fl-9"/>
      </object_component>
      <object_component id="oc-198">
         <name>.data</name>
         <load_address>0x2000ec76</load_address>
         <run_address>0x2000ec76</run_address>
         <size>0x2</size>
         <input_file_ref idref="fl-c"/>
      </object_component>
      <object_component id="oc-186">
         <name>.data</name>
         <load_address>0x2000ed1c</load_address>
         <run_address>0x2000ed1c</run_address>
         <size>0x8</size>
         <input_file_ref idref="fl-137"/>
      </object_component>
      <object_component id="oc-82">
         <name>.data</name>
         <load_address>0x2000ed30</load_address>
         <run_address>0x2000ed30</run_address>
         <size>0x4</size>
         <input_file_ref idref="fl-143"/>
      </object_component>
      <object_component id="oc-208">
         <name>.data</name>
         <load_address>0x2000eb28</load_address>
         <run_address>0x2000eb28</run_address>
         <size>0x80</size>
         <input_file_ref idref="fl-148"/>
      </object_component>
      <object_component id="oc-183">
         <name>.data</name>
         <load_address>0x2000ed14</load_address>
         <run_address>0x2000ed14</run_address>
         <size>0x8</size>
         <input_file_ref idref="fl-149"/>
      </object_component>
      <object_component id="oc-2a1">
         <name>.data</name>
         <load_address>0x2000ed2c</load_address>
         <run_address>0x2000ed2c</run_address>
         <size>0x4</size>
         <input_file_ref idref="fl-14d"/>
      </object_component>
      <object_component id="oc-2e0">
         <name>.data</name>
         <load_address>0x2000ed24</load_address>
         <run_address>0x2000ed24</run_address>
         <size>0x8</size>
         <input_file_ref idref="fl-14e"/>
      </object_component>
      <object_component id="oc-2fe">
         <name>.data:sigtable</name>
         <load_address>0x2000e9d4</load_address>
         <run_address>0x2000e9d4</run_address>
         <size>0xb0</size>
         <input_file_ref idref="fl-151"/>
      </object_component>
      <object_component id="oc-20f">
         <name>.debug_info</name>
         <load_address>0x0</load_address>
         <run_address>0x0</run_address>
         <size>0xba</size>
         <input_file_ref idref="fl-2"/>
      </object_component>
      <object_component id="oc-108">
         <name>.debug_info</name>
         <load_address>0xba</load_address>
         <run_address>0xba</run_address>
         <size>0x1ae</size>
         <input_file_ref idref="fl-2"/>
      </object_component>
      <object_component id="oc-160">
         <name>.debug_info</name>
         <load_address>0x268</load_address>
         <run_address>0x268</run_address>
         <size>0x84</size>
         <input_file_ref idref="fl-2"/>
      </object_component>
      <object_component id="oc-244">
         <name>.debug_info</name>
         <load_address>0x2ec</load_address>
         <run_address>0x2ec</run_address>
         <size>0x174</size>
         <input_file_ref idref="fl-3"/>
      </object_component>
      <object_component id="oc-1db">
         <name>.debug_info</name>
         <load_address>0x460</load_address>
         <run_address>0x460</run_address>
         <size>0xdd</size>
         <input_file_ref idref="fl-3"/>
      </object_component>
      <object_component id="oc-1de">
         <name>.debug_info</name>
         <load_address>0x53d</load_address>
         <run_address>0x53d</run_address>
         <size>0xd1</size>
         <input_file_ref idref="fl-3"/>
      </object_component>
      <object_component id="oc-1e1">
         <name>.debug_info</name>
         <load_address>0x60e</load_address>
         <run_address>0x60e</run_address>
         <size>0xd6</size>
         <input_file_ref idref="fl-3"/>
      </object_component>
      <object_component id="oc-c1">
         <name>.debug_info</name>
         <load_address>0x6e4</load_address>
         <run_address>0x6e4</run_address>
         <size>0x7e8</size>
         <input_file_ref idref="fl-3"/>
      </object_component>
      <object_component id="oc-125">
         <name>.debug_info</name>
         <load_address>0xecc</load_address>
         <run_address>0xecc</run_address>
         <size>0x8b</size>
         <input_file_ref idref="fl-3"/>
      </object_component>
      <object_component id="oc-120">
         <name>.debug_info</name>
         <load_address>0xf57</load_address>
         <run_address>0xf57</run_address>
         <size>0x18b</size>
         <input_file_ref idref="fl-3"/>
      </object_component>
      <object_component id="oc-140">
         <name>.debug_info</name>
         <load_address>0x10e2</load_address>
         <run_address>0x10e2</run_address>
         <size>0x4e</size>
         <input_file_ref idref="fl-3"/>
      </object_component>
      <object_component id="oc-b5">
         <name>.debug_info</name>
         <load_address>0x1130</load_address>
         <run_address>0x1130</run_address>
         <size>0x981</size>
         <input_file_ref idref="fl-4"/>
      </object_component>
      <object_component id="oc-e4">
         <name>.debug_info</name>
         <load_address>0x1ab1</load_address>
         <run_address>0x1ab1</run_address>
         <size>0x1d6</size>
         <input_file_ref idref="fl-4"/>
      </object_component>
      <object_component id="oc-b8">
         <name>.debug_info</name>
         <load_address>0x1c87</load_address>
         <run_address>0x1c87</run_address>
         <size>0xde</size>
         <input_file_ref idref="fl-4"/>
      </object_component>
      <object_component id="oc-bb">
         <name>.debug_info</name>
         <load_address>0x1d65</load_address>
         <run_address>0x1d65</run_address>
         <size>0xd2</size>
         <input_file_ref idref="fl-4"/>
      </object_component>
      <object_component id="oc-94">
         <name>.debug_info</name>
         <load_address>0x1e37</load_address>
         <run_address>0x1e37</run_address>
         <size>0x244</size>
         <input_file_ref idref="fl-4"/>
      </object_component>
      <object_component id="oc-cd">
         <name>.debug_info</name>
         <load_address>0x207b</load_address>
         <run_address>0x207b</run_address>
         <size>0xcf</size>
         <input_file_ref idref="fl-4"/>
      </object_component>
      <object_component id="oc-105">
         <name>.debug_info</name>
         <load_address>0x214a</load_address>
         <run_address>0x214a</run_address>
         <size>0xdf</size>
         <input_file_ref idref="fl-4"/>
      </object_component>
      <object_component id="oc-ea">
         <name>.debug_info</name>
         <load_address>0x2229</load_address>
         <run_address>0x2229</run_address>
         <size>0xd3</size>
         <input_file_ref idref="fl-4"/>
      </object_component>
      <object_component id="oc-e7">
         <name>.debug_info</name>
         <load_address>0x22fc</load_address>
         <run_address>0x22fc</run_address>
         <size>0xd3</size>
         <input_file_ref idref="fl-4"/>
      </object_component>
      <object_component id="oc-ed">
         <name>.debug_info</name>
         <load_address>0x23cf</load_address>
         <run_address>0x23cf</run_address>
         <size>0xd5</size>
         <input_file_ref idref="fl-4"/>
      </object_component>
      <object_component id="oc-be">
         <name>.debug_info</name>
         <load_address>0x24a4</load_address>
         <run_address>0x24a4</run_address>
         <size>0xc9</size>
         <input_file_ref idref="fl-4"/>
      </object_component>
      <object_component id="oc-114">
         <name>.debug_info</name>
         <load_address>0x256d</load_address>
         <run_address>0x256d</run_address>
         <size>0xe1</size>
         <input_file_ref idref="fl-4"/>
      </object_component>
      <object_component id="oc-11a">
         <name>.debug_info</name>
         <load_address>0x264e</load_address>
         <run_address>0x264e</run_address>
         <size>0xe1</size>
         <input_file_ref idref="fl-4"/>
      </object_component>
      <object_component id="oc-117">
         <name>.debug_info</name>
         <load_address>0x272f</load_address>
         <run_address>0x272f</run_address>
         <size>0xdb</size>
         <input_file_ref idref="fl-4"/>
      </object_component>
      <object_component id="oc-31">
         <name>.debug_info</name>
         <load_address>0x280a</load_address>
         <run_address>0x280a</run_address>
         <size>0x1610</size>
         <input_file_ref idref="fl-4"/>
      </object_component>
      <object_component id="oc-1ce">
         <name>.debug_info</name>
         <load_address>0x3e1a</load_address>
         <run_address>0x3e1a</run_address>
         <size>0x1d0</size>
         <input_file_ref idref="fl-4"/>
      </object_component>
      <object_component id="oc-231">
         <name>.debug_info</name>
         <load_address>0x3fea</load_address>
         <run_address>0x3fea</run_address>
         <size>0x1bd</size>
         <input_file_ref idref="fl-5"/>
      </object_component>
      <object_component id="oc-15b">
         <name>.debug_info</name>
         <load_address>0x41a7</load_address>
         <run_address>0x41a7</run_address>
         <size>0x11c</size>
         <input_file_ref idref="fl-5"/>
      </object_component>
      <object_component id="oc-11d">
         <name>.debug_info</name>
         <load_address>0x42c3</load_address>
         <run_address>0x42c3</run_address>
         <size>0xd0</size>
         <input_file_ref idref="fl-5"/>
      </object_component>
      <object_component id="oc-158">
         <name>.debug_info</name>
         <load_address>0x4393</load_address>
         <run_address>0x4393</run_address>
         <size>0xd4</size>
         <input_file_ref idref="fl-5"/>
      </object_component>
      <object_component id="oc-3d">
         <name>.debug_info</name>
         <load_address>0x4467</load_address>
         <run_address>0x4467</run_address>
         <size>0x936</size>
         <input_file_ref idref="fl-5"/>
      </object_component>
      <object_component id="oc-223">
         <name>.debug_info</name>
         <load_address>0x4d9d</load_address>
         <run_address>0x4d9d</run_address>
         <size>0x271</size>
         <input_file_ref idref="fl-6"/>
      </object_component>
      <object_component id="oc-21d">
         <name>.debug_info</name>
         <load_address>0x500e</load_address>
         <run_address>0x500e</run_address>
         <size>0xcd</size>
         <input_file_ref idref="fl-6"/>
      </object_component>
      <object_component id="oc-220">
         <name>.debug_info</name>
         <load_address>0x50db</load_address>
         <run_address>0x50db</run_address>
         <size>0xc9</size>
         <input_file_ref idref="fl-6"/>
      </object_component>
      <object_component id="oc-21a">
         <name>.debug_info</name>
         <load_address>0x51a4</load_address>
         <run_address>0x51a4</run_address>
         <size>0xd3</size>
         <input_file_ref idref="fl-6"/>
      </object_component>
      <object_component id="oc-217">
         <name>.debug_info</name>
         <load_address>0x5277</load_address>
         <run_address>0x5277</run_address>
         <size>0xe7</size>
         <input_file_ref idref="fl-6"/>
      </object_component>
      <object_component id="oc-10e">
         <name>.debug_info</name>
         <load_address>0x535e</load_address>
         <run_address>0x535e</run_address>
         <size>0x658</size>
         <input_file_ref idref="fl-6"/>
      </object_component>
      <object_component id="oc-224">
         <name>.debug_info</name>
         <load_address>0x59b6</load_address>
         <run_address>0x59b6</run_address>
         <size>0x4c5</size>
         <input_file_ref idref="fl-6"/>
      </object_component>
      <object_component id="oc-19e">
         <name>.debug_info</name>
         <load_address>0x5e7b</load_address>
         <run_address>0x5e7b</run_address>
         <size>0xe4</size>
         <input_file_ref idref="fl-6"/>
      </object_component>
      <object_component id="oc-1a3">
         <name>.debug_info</name>
         <load_address>0x5f5f</load_address>
         <run_address>0x5f5f</run_address>
         <size>0x70</size>
         <input_file_ref idref="fl-6"/>
      </object_component>
      <object_component id="oc-2be">
         <name>.debug_info</name>
         <load_address>0x5fcf</load_address>
         <run_address>0x5fcf</run_address>
         <size>0x6b</size>
         <input_file_ref idref="fl-6"/>
      </object_component>
      <object_component id="oc-44">
         <name>.debug_info</name>
         <load_address>0x603a</load_address>
         <run_address>0x603a</run_address>
         <size>0x1bf</size>
         <input_file_ref idref="fl-7"/>
      </object_component>
      <object_component id="oc-10">
         <name>.debug_info</name>
         <load_address>0x61f9</load_address>
         <run_address>0x61f9</run_address>
         <size>0xf2</size>
         <input_file_ref idref="fl-7"/>
      </object_component>
      <object_component id="oc-2b">
         <name>.debug_info</name>
         <load_address>0x62eb</load_address>
         <run_address>0x62eb</run_address>
         <size>0x271</size>
         <input_file_ref idref="fl-7"/>
      </object_component>
      <object_component id="oc-131">
         <name>.debug_info</name>
         <load_address>0x655c</load_address>
         <run_address>0x655c</run_address>
         <size>0x19c</size>
         <input_file_ref idref="fl-9"/>
      </object_component>
      <object_component id="oc-134">
         <name>.debug_info</name>
         <load_address>0x66f8</load_address>
         <run_address>0x66f8</run_address>
         <size>0x110</size>
         <input_file_ref idref="fl-9"/>
      </object_component>
      <object_component id="oc-12b">
         <name>.debug_info</name>
         <load_address>0x6808</load_address>
         <run_address>0x6808</run_address>
         <size>0x1f0</size>
         <input_file_ref idref="fl-9"/>
      </object_component>
      <object_component id="oc-137">
         <name>.debug_info</name>
         <load_address>0x69f8</load_address>
         <run_address>0x69f8</run_address>
         <size>0x110</size>
         <input_file_ref idref="fl-9"/>
      </object_component>
      <object_component id="oc-12e">
         <name>.debug_info</name>
         <load_address>0x6b08</load_address>
         <run_address>0x6b08</run_address>
         <size>0x184</size>
         <input_file_ref idref="fl-9"/>
      </object_component>
      <object_component id="oc-37">
         <name>.debug_info</name>
         <load_address>0x6c8c</load_address>
         <run_address>0x6c8c</run_address>
         <size>0x163c</size>
         <input_file_ref idref="fl-9"/>
      </object_component>
      <object_component id="oc-2af">
         <name>.debug_info</name>
         <load_address>0x82c8</load_address>
         <run_address>0x82c8</run_address>
         <size>0x2d9</size>
         <input_file_ref idref="fl-b"/>
      </object_component>
      <object_component id="oc-211">
         <name>.debug_info</name>
         <load_address>0x85a1</load_address>
         <run_address>0x85a1</run_address>
         <size>0x2d8b</size>
         <input_file_ref idref="fl-b"/>
      </object_component>
      <object_component id="oc-196">
         <name>.debug_info</name>
         <load_address>0xb32c</load_address>
         <run_address>0xb32c</run_address>
         <size>0x184</size>
         <input_file_ref idref="fl-c"/>
      </object_component>
      <object_component id="oc-199">
         <name>.debug_info</name>
         <load_address>0xb4b0</load_address>
         <run_address>0xb4b0</run_address>
         <size>0x101</size>
         <input_file_ref idref="fl-c"/>
      </object_component>
      <object_component id="oc-8e">
         <name>.debug_info</name>
         <load_address>0xb5b1</load_address>
         <run_address>0xb5b1</run_address>
         <size>0x14a1</size>
         <input_file_ref idref="fl-c"/>
      </object_component>
      <object_component id="oc-27">
         <name>.debug_info</name>
         <load_address>0xca52</load_address>
         <run_address>0xca52</run_address>
         <size>0x134</size>
         <input_file_ref idref="fl-133"/>
      </object_component>
      <object_component id="oc-50">
         <name>.debug_info</name>
         <load_address>0xcb86</load_address>
         <run_address>0xcb86</run_address>
         <size>0x121</size>
         <input_file_ref idref="fl-134"/>
      </object_component>
      <object_component id="oc-15">
         <name>.debug_info</name>
         <load_address>0xcca7</load_address>
         <run_address>0xcca7</run_address>
         <size>0x1c0</size>
         <input_file_ref idref="fl-134"/>
      </object_component>
      <object_component id="oc-4b">
         <name>.debug_info</name>
         <load_address>0xce67</load_address>
         <run_address>0xce67</run_address>
         <size>0x46</size>
         <input_file_ref idref="fl-134"/>
      </object_component>
      <object_component id="oc-166">
         <name>.debug_info</name>
         <load_address>0xcead</load_address>
         <run_address>0xcead</run_address>
         <size>0x2c</size>
         <input_file_ref idref="fl-134"/>
      </object_component>
      <object_component id="oc-58">
         <name>.debug_info</name>
         <load_address>0xced9</load_address>
         <run_address>0xced9</run_address>
         <size>0x115</size>
         <input_file_ref idref="fl-135"/>
      </object_component>
      <object_component id="oc-53">
         <name>.debug_info</name>
         <load_address>0xcfee</load_address>
         <run_address>0xcfee</run_address>
         <size>0x228</size>
         <input_file_ref idref="fl-135"/>
      </object_component>
      <object_component id="oc-1a">
         <name>.debug_info</name>
         <load_address>0xd216</load_address>
         <run_address>0xd216</run_address>
         <size>0x192</size>
         <input_file_ref idref="fl-135"/>
      </object_component>
      <object_component id="oc-59">
         <name>.debug_info</name>
         <load_address>0xd3a8</load_address>
         <run_address>0xd3a8</run_address>
         <size>0x39</size>
         <input_file_ref idref="fl-135"/>
      </object_component>
      <object_component id="oc-170">
         <name>.debug_info</name>
         <load_address>0xd3e1</load_address>
         <run_address>0xd3e1</run_address>
         <size>0x2c</size>
         <input_file_ref idref="fl-135"/>
      </object_component>
      <object_component id="oc-69">
         <name>.debug_info</name>
         <load_address>0xd40d</load_address>
         <run_address>0xd40d</run_address>
         <size>0x110</size>
         <input_file_ref idref="fl-136"/>
      </object_component>
      <object_component id="oc-1f">
         <name>.debug_info</name>
         <load_address>0xd51d</load_address>
         <run_address>0xd51d</run_address>
         <size>0x18b</size>
         <input_file_ref idref="fl-136"/>
      </object_component>
      <object_component id="oc-64">
         <name>.debug_info</name>
         <load_address>0xd6a8</load_address>
         <run_address>0xd6a8</run_address>
         <size>0x46</size>
         <input_file_ref idref="fl-136"/>
      </object_component>
      <object_component id="oc-18a">
         <name>.debug_info</name>
         <load_address>0xd6ee</load_address>
         <run_address>0xd6ee</run_address>
         <size>0x172</size>
         <input_file_ref idref="fl-137"/>
      </object_component>
      <object_component id="oc-187">
         <name>.debug_info</name>
         <load_address>0xd860</load_address>
         <run_address>0xd860</run_address>
         <size>0x117</size>
         <input_file_ref idref="fl-137"/>
      </object_component>
      <object_component id="oc-7f">
         <name>.debug_info</name>
         <load_address>0xd977</load_address>
         <run_address>0xd977</run_address>
         <size>0x1ee</size>
         <input_file_ref idref="fl-137"/>
      </object_component>
      <object_component id="oc-dc">
         <name>.debug_info</name>
         <load_address>0xdb65</load_address>
         <run_address>0xdb65</run_address>
         <size>0x129</size>
         <input_file_ref idref="fl-138"/>
      </object_component>
      <object_component id="oc-f7">
         <name>.debug_info</name>
         <load_address>0xdc8e</load_address>
         <run_address>0xdc8e</run_address>
         <size>0x107</size>
         <input_file_ref idref="fl-139"/>
      </object_component>
      <object_component id="oc-d5">
         <name>.debug_info</name>
         <load_address>0xdd95</load_address>
         <run_address>0xdd95</run_address>
         <size>0x117</size>
         <input_file_ref idref="fl-13a"/>
      </object_component>
      <object_component id="oc-fa">
         <name>.debug_info</name>
         <load_address>0xdeac</load_address>
         <run_address>0xdeac</run_address>
         <size>0x117</size>
         <input_file_ref idref="fl-13b"/>
      </object_component>
      <object_component id="oc-df">
         <name>.debug_info</name>
         <load_address>0xdfc3</load_address>
         <run_address>0xdfc3</run_address>
         <size>0x112</size>
         <input_file_ref idref="fl-13c"/>
      </object_component>
      <object_component id="oc-f0">
         <name>.debug_info</name>
         <load_address>0xe0d5</load_address>
         <run_address>0xe0d5</run_address>
         <size>0x109</size>
         <input_file_ref idref="fl-13d"/>
      </object_component>
      <object_component id="oc-d0">
         <name>.debug_info</name>
         <load_address>0xe1de</load_address>
         <run_address>0xe1de</run_address>
         <size>0x109</size>
         <input_file_ref idref="fl-13e"/>
      </object_component>
      <object_component id="oc-46">
         <name>.debug_info</name>
         <load_address>0xe2e7</load_address>
         <run_address>0xe2e7</run_address>
         <size>0xf6</size>
         <input_file_ref idref="fl-13f"/>
      </object_component>
      <object_component id="oc-5f">
         <name>.debug_info</name>
         <load_address>0xe3dd</load_address>
         <run_address>0xe3dd</run_address>
         <size>0x124</size>
         <input_file_ref idref="fl-140"/>
      </object_component>
      <object_component id="oc-6b">
         <name>.debug_info</name>
         <load_address>0xe501</load_address>
         <run_address>0xe501</run_address>
         <size>0x129</size>
         <input_file_ref idref="fl-141"/>
      </object_component>
      <object_component id="oc-2e6">
         <name>.debug_info</name>
         <load_address>0xe62a</load_address>
         <run_address>0xe62a</run_address>
         <size>0x15f</size>
         <input_file_ref idref="fl-142"/>
      </object_component>
      <object_component id="oc-ff">
         <name>.debug_info</name>
         <load_address>0xe789</load_address>
         <run_address>0xe789</run_address>
         <size>0x263</size>
         <input_file_ref idref="fl-142"/>
      </object_component>
      <object_component id="oc-2a7">
         <name>.debug_info</name>
         <load_address>0xe9ec</load_address>
         <run_address>0xe9ec</run_address>
         <size>0x86</size>
         <input_file_ref idref="fl-142"/>
      </object_component>
      <object_component id="oc-83">
         <name>.debug_info</name>
         <load_address>0xea72</load_address>
         <run_address>0xea72</run_address>
         <size>0xea</size>
         <input_file_ref idref="fl-143"/>
      </object_component>
      <object_component id="oc-13b">
         <name>.debug_info</name>
         <load_address>0xeb5c</load_address>
         <run_address>0xeb5c</run_address>
         <size>0x11f</size>
         <input_file_ref idref="fl-144"/>
      </object_component>
      <object_component id="oc-29a">
         <name>.debug_info</name>
         <load_address>0xec7b</load_address>
         <run_address>0xec7b</run_address>
         <size>0x111</size>
         <input_file_ref idref="fl-145"/>
      </object_component>
      <object_component id="oc-1fd">
         <name>.debug_info</name>
         <load_address>0xed8c</load_address>
         <run_address>0xed8c</run_address>
         <size>0x192</size>
         <input_file_ref idref="fl-145"/>
      </object_component>
      <object_component id="oc-298">
         <name>.debug_info</name>
         <load_address>0xef1e</load_address>
         <run_address>0xef1e</run_address>
         <size>0xfb</size>
         <input_file_ref idref="fl-146"/>
      </object_component>
      <object_component id="oc-1f8">
         <name>.debug_info</name>
         <load_address>0xf019</load_address>
         <run_address>0xf019</run_address>
         <size>0x173</size>
         <input_file_ref idref="fl-146"/>
      </object_component>
      <object_component id="oc-203">
         <name>.debug_info</name>
         <load_address>0xf18c</load_address>
         <run_address>0xf18c</run_address>
         <size>0x153</size>
         <input_file_ref idref="fl-147"/>
      </object_component>
      <object_component id="oc-209">
         <name>.debug_info</name>
         <load_address>0xf2df</load_address>
         <run_address>0xf2df</run_address>
         <size>0x1b5</size>
         <input_file_ref idref="fl-148"/>
      </object_component>
      <object_component id="oc-269">
         <name>.debug_info</name>
         <load_address>0xf494</load_address>
         <run_address>0xf494</run_address>
         <size>0x105</size>
         <input_file_ref idref="fl-149"/>
      </object_component>
      <object_component id="oc-184">
         <name>.debug_info</name>
         <load_address>0xf599</load_address>
         <run_address>0xf599</run_address>
         <size>0xf4</size>
         <input_file_ref idref="fl-149"/>
      </object_component>
      <object_component id="oc-264">
         <name>.debug_info</name>
         <load_address>0xf68d</load_address>
         <run_address>0xf68d</run_address>
         <size>0x200</size>
         <input_file_ref idref="fl-149"/>
      </object_component>
      <object_component id="oc-182">
         <name>.debug_info</name>
         <load_address>0xf88d</load_address>
         <run_address>0xf88d</run_address>
         <size>0x147</size>
         <input_file_ref idref="fl-14a"/>
      </object_component>
      <object_component id="oc-77">
         <name>.debug_info</name>
         <load_address>0xf9d4</load_address>
         <run_address>0xf9d4</run_address>
         <size>0x148</size>
         <input_file_ref idref="fl-14a"/>
      </object_component>
      <object_component id="oc-25c">
         <name>.debug_info</name>
         <load_address>0xfb1c</load_address>
         <run_address>0xfb1c</run_address>
         <size>0x5e</size>
         <input_file_ref idref="fl-14a"/>
      </object_component>
      <object_component id="oc-180">
         <name>.debug_info</name>
         <load_address>0xfb7a</load_address>
         <run_address>0xfb7a</run_address>
         <size>0x29e</size>
         <input_file_ref idref="fl-14b"/>
      </object_component>
      <object_component id="oc-71">
         <name>.debug_info</name>
         <load_address>0xfe18</load_address>
         <run_address>0xfe18</run_address>
         <size>0x158</size>
         <input_file_ref idref="fl-14b"/>
      </object_component>
      <object_component id="oc-250">
         <name>.debug_info</name>
         <load_address>0xff70</load_address>
         <run_address>0xff70</run_address>
         <size>0x39</size>
         <input_file_ref idref="fl-14b"/>
      </object_component>
      <object_component id="oc-255">
         <name>.debug_info</name>
         <load_address>0xffa9</load_address>
         <run_address>0xffa9</run_address>
         <size>0xcd</size>
         <input_file_ref idref="fl-14b"/>
      </object_component>
      <object_component id="oc-24d">
         <name>.debug_info</name>
         <load_address>0x10076</load_address>
         <run_address>0x10076</run_address>
         <size>0x1c1</size>
         <input_file_ref idref="fl-14c"/>
      </object_component>
      <object_component id="oc-17a">
         <name>.debug_info</name>
         <load_address>0x10237</load_address>
         <run_address>0x10237</run_address>
         <size>0x164</size>
         <input_file_ref idref="fl-14c"/>
      </object_component>
      <object_component id="oc-2ca">
         <name>.debug_info</name>
         <load_address>0x1039b</load_address>
         <run_address>0x1039b</run_address>
         <size>0x2c</size>
         <input_file_ref idref="fl-14c"/>
      </object_component>
      <object_component id="oc-2a2">
         <name>.debug_info</name>
         <load_address>0x103c7</load_address>
         <run_address>0x103c7</run_address>
         <size>0xd6</size>
         <input_file_ref idref="fl-14d"/>
      </object_component>
      <object_component id="oc-2fa">
         <name>.debug_info</name>
         <load_address>0x1049d</load_address>
         <run_address>0x1049d</run_address>
         <size>0x13e</size>
         <input_file_ref idref="fl-14e"/>
      </object_component>
      <object_component id="oc-2e1">
         <name>.debug_info</name>
         <load_address>0x105db</load_address>
         <run_address>0x105db</run_address>
         <size>0x10e</size>
         <input_file_ref idref="fl-14e"/>
      </object_component>
      <object_component id="oc-29c">
         <name>.debug_info</name>
         <load_address>0x106e9</load_address>
         <run_address>0x106e9</run_address>
         <size>0x16f</size>
         <input_file_ref idref="fl-14e"/>
      </object_component>
      <object_component id="oc-2f5">
         <name>.debug_info</name>
         <load_address>0x10858</load_address>
         <run_address>0x10858</run_address>
         <size>0x6f</size>
         <input_file_ref idref="fl-14e"/>
      </object_component>
      <object_component id="oc-23e">
         <name>.debug_info</name>
         <load_address>0x108c7</load_address>
         <run_address>0x108c7</run_address>
         <size>0x128</size>
         <input_file_ref idref="fl-14f"/>
      </object_component>
      <object_component id="oc-2f2">
         <name>.debug_info</name>
         <load_address>0x109ef</load_address>
         <run_address>0x109ef</run_address>
         <size>0xfd</size>
         <input_file_ref idref="fl-150"/>
      </object_component>
      <object_component id="oc-2db">
         <name>.debug_info</name>
         <load_address>0x10aec</load_address>
         <run_address>0x10aec</run_address>
         <size>0x154</size>
         <input_file_ref idref="fl-150"/>
      </object_component>
      <object_component id="oc-305">
         <name>.debug_info</name>
         <load_address>0x10c40</load_address>
         <run_address>0x10c40</run_address>
         <size>0x2c</size>
         <input_file_ref idref="fl-150"/>
      </object_component>
      <object_component id="oc-302">
         <name>.debug_info</name>
         <load_address>0x10c6c</load_address>
         <run_address>0x10c6c</run_address>
         <size>0x11d</size>
         <input_file_ref idref="fl-151"/>
      </object_component>
      <object_component id="oc-2ff">
         <name>.debug_info</name>
         <load_address>0x10d89</load_address>
         <run_address>0x10d89</run_address>
         <size>0xdb</size>
         <input_file_ref idref="fl-151"/>
      </object_component>
      <object_component id="oc-2ec">
         <name>.debug_info</name>
         <load_address>0x10e64</load_address>
         <run_address>0x10e64</run_address>
         <size>0x16a</size>
         <input_file_ref idref="fl-151"/>
      </object_component>
      <object_component id="oc-2d5">
         <name>.debug_info</name>
         <load_address>0x10fce</load_address>
         <run_address>0x10fce</run_address>
         <size>0xc6</size>
         <input_file_ref idref="fl-152"/>
      </object_component>
      <object_component id="oc-293">
         <name>.debug_info</name>
         <load_address>0x11094</load_address>
         <run_address>0x11094</run_address>
         <size>0x14d</size>
         <input_file_ref idref="fl-152"/>
      </object_component>
      <object_component id="oc-194">
         <name>.debug_info</name>
         <load_address>0x111e1</load_address>
         <run_address>0x111e1</run_address>
         <size>0x1cf</size>
         <input_file_ref idref="fl-153"/>
      </object_component>
      <object_component id="oc-88">
         <name>.debug_info</name>
         <load_address>0x113b0</load_address>
         <run_address>0x113b0</run_address>
         <size>0x1f6</size>
         <input_file_ref idref="fl-153"/>
      </object_component>
      <object_component id="oc-1c0">
         <name>.debug_info</name>
         <load_address>0x115a6</load_address>
         <run_address>0x115a6</run_address>
         <size>0x90</size>
         <input_file_ref idref="fl-153"/>
      </object_component>
      <object_component id="oc-18f">
         <name>.debug_info</name>
         <load_address>0x11636</load_address>
         <run_address>0x11636</run_address>
         <size>0x18b</size>
         <input_file_ref idref="fl-153"/>
      </object_component>
      <object_component id="oc-1c5">
         <name>.debug_info</name>
         <load_address>0x117c1</load_address>
         <run_address>0x117c1</run_address>
         <size>0x226</size>
         <input_file_ref idref="fl-154"/>
      </object_component>
      <object_component id="oc-1b7">
         <name>.debug_info</name>
         <load_address>0x119e7</load_address>
         <run_address>0x119e7</run_address>
         <size>0xff</size>
         <input_file_ref idref="fl-154"/>
      </object_component>
      <object_component id="oc-1ba">
         <name>.debug_info</name>
         <load_address>0x11ae6</load_address>
         <run_address>0x11ae6</run_address>
         <size>0x10b</size>
         <input_file_ref idref="fl-154"/>
      </object_component>
      <object_component id="oc-276">
         <name>.debug_info</name>
         <load_address>0x11bf1</load_address>
         <run_address>0x11bf1</run_address>
         <size>0x105</size>
         <input_file_ref idref="fl-154"/>
      </object_component>
      <object_component id="oc-1bd">
         <name>.debug_info</name>
         <load_address>0x11cf6</load_address>
         <run_address>0x11cf6</run_address>
         <size>0x112</size>
         <input_file_ref idref="fl-154"/>
      </object_component>
      <object_component id="oc-1ab">
         <name>.debug_info</name>
         <load_address>0x11e08</load_address>
         <run_address>0x11e08</run_address>
         <size>0x264</size>
         <input_file_ref idref="fl-154"/>
      </object_component>
      <object_component id="oc-1b1">
         <name>.debug_info</name>
         <load_address>0x1206c</load_address>
         <run_address>0x1206c</run_address>
         <size>0x21e</size>
         <input_file_ref idref="fl-154"/>
      </object_component>
      <object_component id="oc-97">
         <name>.debug_info</name>
         <load_address>0x1228a</load_address>
         <run_address>0x1228a</run_address>
         <size>0x4c5</size>
         <input_file_ref idref="fl-154"/>
      </object_component>
      <object_component id="oc-282">
         <name>.debug_info</name>
         <load_address>0x1274f</load_address>
         <run_address>0x1274f</run_address>
         <size>0x5f</size>
         <input_file_ref idref="fl-154"/>
      </object_component>
      <object_component id="oc-1c7">
         <name>.debug_info</name>
         <load_address>0x127ae</load_address>
         <run_address>0x127ae</run_address>
         <size>0x1d8</size>
         <input_file_ref idref="fl-156"/>
      </object_component>
      <object_component id="oc-146">
         <name>.debug_info</name>
         <load_address>0x12986</load_address>
         <run_address>0x12986</run_address>
         <size>0x1b4</size>
         <input_file_ref idref="fl-156"/>
      </object_component>
      <object_component id="oc-a3">
         <name>.debug_info</name>
         <load_address>0x12b3a</load_address>
         <run_address>0x12b3a</run_address>
         <size>0x1fc</size>
         <input_file_ref idref="fl-156"/>
      </object_component>
      <object_component id="oc-a9">
         <name>.debug_info</name>
         <load_address>0x12d36</load_address>
         <run_address>0x12d36</run_address>
         <size>0x1b0</size>
         <input_file_ref idref="fl-156"/>
      </object_component>
      <object_component id="oc-9d">
         <name>.debug_info</name>
         <load_address>0x12ee6</load_address>
         <run_address>0x12ee6</run_address>
         <size>0x203</size>
         <input_file_ref idref="fl-156"/>
      </object_component>
      <object_component id="oc-14c">
         <name>.debug_info</name>
         <load_address>0x130e9</load_address>
         <run_address>0x130e9</run_address>
         <size>0x1e0</size>
         <input_file_ref idref="fl-156"/>
      </object_component>
      <object_component id="oc-152">
         <name>.debug_info</name>
         <load_address>0x132c9</load_address>
         <run_address>0x132c9</run_address>
         <size>0x1b6</size>
         <input_file_ref idref="fl-156"/>
      </object_component>
      <object_component id="oc-1cb">
         <name>.debug_info</name>
         <load_address>0x1347f</load_address>
         <run_address>0x1347f</run_address>
         <size>0x1d7</size>
         <input_file_ref idref="fl-157"/>
      </object_component>
      <object_component id="oc-c7">
         <name>.debug_info</name>
         <load_address>0x13656</load_address>
         <run_address>0x13656</run_address>
         <size>0x207</size>
         <input_file_ref idref="fl-157"/>
      </object_component>
      <object_component id="oc-af">
         <name>.debug_info</name>
         <load_address>0x1385d</load_address>
         <run_address>0x1385d</run_address>
         <size>0x312</size>
         <input_file_ref idref="fl-157"/>
      </object_component>
      <object_component id="oc-336">
         <name>.debug_info</name>
         <load_address>0x13b6f</load_address>
         <run_address>0x13b6f</run_address>
         <size>0xab</size>
      </object_component>
      <object_component id="oc-2ad">
         <name>.debug_line</name>
         <load_address>0x0</load_address>
         <run_address>0x0</run_address>
         <size>0x20</size>
         <input_file_ref idref="fl-2"/>
      </object_component>
      <object_component id="oc-10b">
         <name>.debug_line</name>
         <load_address>0x20</load_address>
         <run_address>0x20</run_address>
         <size>0x6b</size>
         <input_file_ref idref="fl-2"/>
      </object_component>
      <object_component id="oc-163">
         <name>.debug_line</name>
         <load_address>0x8b</load_address>
         <run_address>0x8b</run_address>
         <size>0x20</size>
         <input_file_ref idref="fl-2"/>
      </object_component>
      <object_component id="oc-2c7">
         <name>.debug_line</name>
         <load_address>0xab</load_address>
         <run_address>0xab</run_address>
         <size>0xcb</size>
         <input_file_ref idref="fl-3"/>
      </object_component>
      <object_component id="oc-28c">
         <name>.debug_line</name>
         <load_address>0x176</load_address>
         <run_address>0x176</run_address>
         <size>0x2c</size>
         <input_file_ref idref="fl-3"/>
      </object_component>
      <object_component id="oc-28e">
         <name>.debug_line</name>
         <load_address>0x1a2</load_address>
         <run_address>0x1a2</run_address>
         <size>0x2c</size>
         <input_file_ref idref="fl-3"/>
      </object_component>
      <object_component id="oc-290">
         <name>.debug_line</name>
         <load_address>0x1ce</load_address>
         <run_address>0x1ce</run_address>
         <size>0x2c</size>
         <input_file_ref idref="fl-3"/>
      </object_component>
      <object_component id="oc-c4">
         <name>.debug_line</name>
         <load_address>0x1fa</load_address>
         <run_address>0x1fa</run_address>
         <size>0x1de</size>
         <input_file_ref idref="fl-3"/>
      </object_component>
      <object_component id="oc-128">
         <name>.debug_line</name>
         <load_address>0x3d8</load_address>
         <run_address>0x3d8</run_address>
         <size>0x20</size>
         <input_file_ref idref="fl-3"/>
      </object_component>
      <object_component id="oc-123">
         <name>.debug_line</name>
         <load_address>0x3f8</load_address>
         <run_address>0x3f8</run_address>
         <size>0x60</size>
         <input_file_ref idref="fl-3"/>
      </object_component>
      <object_component id="oc-143">
         <name>.debug_line</name>
         <load_address>0x458</load_address>
         <run_address>0x458</run_address>
         <size>0x60</size>
         <input_file_ref idref="fl-3"/>
      </object_component>
      <object_component id="oc-1cd">
         <name>.debug_line</name>
         <load_address>0x4b8</load_address>
         <run_address>0x4b8</run_address>
         <size>0x1bc</size>
         <input_file_ref idref="fl-4"/>
      </object_component>
      <object_component id="oc-1ec">
         <name>.debug_line</name>
         <load_address>0x674</load_address>
         <run_address>0x674</run_address>
         <size>0x3a</size>
         <input_file_ref idref="fl-4"/>
      </object_component>
      <object_component id="oc-1d4">
         <name>.debug_line</name>
         <load_address>0x6ae</load_address>
         <run_address>0x6ae</run_address>
         <size>0x2c</size>
         <input_file_ref idref="fl-4"/>
      </object_component>
      <object_component id="oc-1d6">
         <name>.debug_line</name>
         <load_address>0x6da</load_address>
         <run_address>0x6da</run_address>
         <size>0x2c</size>
         <input_file_ref idref="fl-4"/>
      </object_component>
      <object_component id="oc-1a9">
         <name>.debug_line</name>
         <load_address>0x706</load_address>
         <run_address>0x706</run_address>
         <size>0x2d</size>
         <input_file_ref idref="fl-4"/>
      </object_component>
      <object_component id="oc-1e6">
         <name>.debug_line</name>
         <load_address>0x733</load_address>
         <run_address>0x733</run_address>
         <size>0x2d</size>
         <input_file_ref idref="fl-4"/>
      </object_component>
      <object_component id="oc-20d">
         <name>.debug_line</name>
         <load_address>0x760</load_address>
         <run_address>0x760</run_address>
         <size>0x2d</size>
         <input_file_ref idref="fl-4"/>
      </object_component>
      <object_component id="oc-1f0">
         <name>.debug_line</name>
         <load_address>0x78d</load_address>
         <run_address>0x78d</run_address>
         <size>0x2d</size>
         <input_file_ref idref="fl-4"/>
      </object_component>
      <object_component id="oc-1ee">
         <name>.debug_line</name>
         <load_address>0x7ba</load_address>
         <run_address>0x7ba</run_address>
         <size>0x2d</size>
         <input_file_ref idref="fl-4"/>
      </object_component>
      <object_component id="oc-1f2">
[...]
      <symbol id="sm-3d0">
         <name>SDMount</name>
         <value>0x719d</value>
         <object_component_ref idref="oc-10d"/>
      </symbol>
      <symbol id="sm-3d1">
         <name>StringFromFResult</name>
         <value>0x7159</value>
         <object_component_ref idref="oc-10d"/>
      </symbol>
      <symbol id="sm-3d2">
         <name>IsFileOpen</name>
         <value>0x7197</value>
         <object_component_ref idref="oc-10d"/>
      </symbol>
      <symbol id="sm-3d3">
         <name>SDWrite</name>
         <value>0x72af</value>
         <object_component_ref idref="oc-10d"/>
      </symbol>
      <symbol id="sm-3d4">
         <name>fileOpen</name>
         <value>0x2000ecfa</value>
         <object_component_ref idref="oc-219"/>
      </symbol>
      <symbol id="sm-3d5">
         <name>fil</name>
         <value>0x2000d044</value>
         <object_component_ref idref="oc-21f"/>
      </symbol>
      <symbol id="sm-3d6">
         <name>SDFileOpenRead</name>
         <value>0x7237</value>
         <object_component_ref idref="oc-10d"/>
      </symbol>
      <symbol id="sm-3d7">
         <name>SDRead</name>
         <value>0x72e9</value>
         <object_component_ref idref="oc-10d"/>
      </symbol>
      <symbol id="sm-3d8">
         <name>SDFileOpenWrite</name>
         <value>0x71e1</value>
         <object_component_ref idref="oc-10d"/>
      </symbol>
      <symbol id="sm-3d9">
         <name>fatFS</name>
         <value>0x2000ce10</value>
         <object_component_ref idref="oc-21c"/>
      </symbol>
      <symbol id="sm-3da">
         <name>SDUnmount</name>
         <value>0x71bf</value>
         <object_component_ref idref="oc-10d"/>
      </symbol>
      <symbol id="sm-3f6">
         <name>ResetISR</name>
         <value>0x852d</value>
         <object_component_ref idref="oc-2a"/>
      </symbol>
      <symbol id="sm-3f7">
         <name>g_pfnVectors</name>
         <value>0x0</value>
         <object_component_ref idref="oc-f"/>
      </symbol>
      <symbol id="sm-4bb">
         <name>UARTTxBytesFree</name>
         <value>0x6895</value>
         <object_component_ref idref="oc-36"/>
      </symbol>
      <symbol id="sm-4bc">
         <name>UARTFlushRx</name>
         <value>0x6903</value>
         <object_component_ref idref="oc-36"/>
      </symbol>
      <symbol id="sm-4bd">
         <name>UARTgetc</name>
         <value>0x6503</value>
         <object_component_ref idref="oc-36"/>
      </symbol>
      <symbol id="sm-4be">
         <name>UARTgets</name>
         <value>0x6487</value>
         <object_component_ref idref="oc-36"/>
      </symbol>
      <symbol id="sm-4bf">
         <name>UARTFlushTx</name>
         <value>0x692b</value>
         <object_component_ref idref="oc-36"/>
      </symbol>
      <symbol id="sm-4c0">
         <name>UARTStdioConfig</name>
         <value>0x6329</value>
         <object_component_ref idref="oc-36"/>
      </symbol>
      <symbol id="sm-4c1">
         <name>UARTStdioIntHandler</name>
         <value>0x699d</value>
         <object_component_ref idref="oc-36"/>
      </symbol>
      <symbol id="sm-4c2">
         <name>UARTRxBytesAvail</name>
         <value>0x6887</value>
         <object_component_ref idref="oc-36"/>
      </symbol>
      <symbol id="sm-4c3">
         <name>UARTwrite</name>
         <value>0x63e1</value>
         <object_component_ref idref="oc-36"/>
      </symbol>
      <symbol id="sm-4c4">
         <name>UARTPeek</name>
         <value>0x68a9</value>
         <object_component_ref idref="oc-36"/>
      </symbol>
      <symbol id="sm-4c5">
         <name>UARTEchoSet</name>
         <value>0x6969</value>
         <object_component_ref idref="oc-36"/>
      </symbol>
      <symbol id="sm-4c6">
         <name>UARTprintf</name>
         <value>0x6863</value>
         <object_component_ref idref="oc-36"/>
      </symbol>
      <symbol id="sm-4c7">
         <name>UARTvprintf</name>
         <value>0x6569</value>
         <object_component_ref idref="oc-36"/>
      </symbol>
      <symbol id="sm-68e">
         <name>f_getfree</name>
         <value>0x5127</value>
         <object_component_ref idref="oc-210"/>
      </symbol>
      <symbol id="sm-68f">
         <name>f_read</name>
         <value>0x4739</value>
         <object_component_ref idref="oc-210"/>
      </symbol>
      <symbol id="sm-690">
         <name>f_unlink</name>
         <value>0x537d</value>
         <object_component_ref idref="oc-210"/>
      </symbol>
      <symbol id="sm-691">
         <name>f_mkdir</name>
         <value>0x547f</value>
         <object_component_ref idref="oc-210"/>
      </symbol>
      <symbol id="sm-692">
         <name>f_chmod</name>
         <value>0x5665</value>
         <object_component_ref idref="oc-210"/>
      </symbol>
      <symbol id="sm-693">
         <name>f_utime</name>
         <value>0x56f5</value>
         <object_component_ref idref="oc-210"/>
      </symbol>
      <symbol id="sm-694">
         <name>f_sync</name>
         <value>0x4c31</value>
         <object_component_ref idref="oc-210"/>
      </symbol>
      <symbol id="sm-695">
         <name>clust2sect</name>
         <value>0x3155</value>
         <object_component_ref idref="oc-210"/>
      </symbol>
      <symbol id="sm-696">
         <name>put_fat</name>
         <value>0x32a9</value>
         <object_component_ref idref="oc-210"/>
      </symbol>
      <symbol id="sm-697">
         <name>f_write</name>
         <value>0x498d</value>
         <object_component_ref idref="oc-210"/>
      </symbol>
      <symbol id="sm-698">
         <name>f_opendir</name>
         <value>0x4f9b</value>
         <object_component_ref idref="oc-210"/>
      </symbol>
      <symbol id="sm-699">
         <name>f_truncate</name>
         <value>0x5289</value>
         <object_component_ref idref="oc-210"/>
      </symbol>
      <symbol id="sm-69a">
         <name>f_close</name>
         <value>0x4d2d</value>
         <object_component_ref idref="oc-210"/>
      </symbol>
      <symbol id="sm-69b">
         <name>f_rename</name>
         <value>0x5779</value>
         <object_component_ref idref="oc-210"/>
      </symbol>
      <symbol id="sm-69c">
         <name>f_open</name>
         <value>0x4525</value>
         <object_component_ref idref="oc-210"/>
      </symbol>
      <symbol id="sm-69d">
         <name>f_lseek</name>
         <value>0x4d4d</value>
         <object_component_ref idref="oc-210"/>
      </symbol>
      <symbol id="sm-69e">
         <name>f_stat</name>
         <value>0x50d7</value>
         <object_component_ref idref="oc-210"/>
      </symbol>
      <symbol id="sm-69f">
         <name>f_mount</name>
         <value>0x44cf</value>
         <object_component_ref idref="oc-210"/>
      </symbol>
      <symbol id="sm-6a0">
         <name>f_readdir</name>
         <value>0x504b</value>
         <object_component_ref idref="oc-210"/>
      </symbol>
      <symbol id="sm-6a1">
         <name>get_fat</name>
         <value>0x3185</value>
         <object_component_ref idref="oc-210"/>
      </symbol>
      <symbol id="sm-75a">
         <name>get_fattime</name>
         <value>0x61fb</value>
         <object_component_ref idref="oc-8d"/>
      </symbol>
      <symbol id="sm-75b">
         <name>disk_status</name>
         <value>0x5de1</value>
         <object_component_ref idref="oc-8d"/>
      </symbol>
      <symbol id="sm-75c">
         <name>disk_timerproc</name>
         <value>0x61b7</value>
         <object_component_ref idref="oc-8d"/>
      </symbol>
      <symbol id="sm-75d">
         <name>disk_read</name>
         <value>0x5dfb</value>
         <object_component_ref idref="oc-8d"/>
      </symbol>
      <symbol id="sm-75e">
         <name>disk_initialize</name>
         <value>0x5c3d</value>
         <object_component_ref idref="oc-8d"/>
      </symbol>
      <symbol id="sm-75f">
         <name>disk_ioctl</name>
         <value>0x5f9d</value>
         <object_component_ref idref="oc-8d"/>
      </symbol>
      <symbol id="sm-760">
         <name>disk_write</name>
         <value>0x5eab</value>
         <object_component_ref idref="oc-8d"/>
      </symbol>
      <symbol id="sm-772">
         <name>_c_int00</name>
         <value>0x81b9</value>
         <object_component_ref idref="oc-24"/>
      </symbol>
      <symbol id="sm-773">
         <name>__stack</name>
         <value>0x2000ed34</value>
         <object_component_ref idref="oc-29"/>
      </symbol>
      <symbol id="sm-78a">
         <name>__TI_decompress_none</name>
         <value>0x8507</value>
         <object_component_ref idref="oc-12"/>
      </symbol>
      <symbol id="sm-7b2">
         <name>__TI_decompress_rle24</name>
         <value>0x8557</value>
         <object_component_ref idref="oc-18"/>
      </symbol>
      <symbol id="sm-7c4">
         <name>__TI_zero_init</name>
         <value>0x8521</value>
         <object_component_ref idref="oc-1e"/>
      </symbol>
      <symbol id="sm-7e3">
         <name>C$$EXIT</name>
         <value>0x82e5</value>
         <object_component_ref idref="oc-7c"/>
      </symbol>
      <symbol id="sm-7e4">
         <name>abort</name>
         <value>0x82e9</value>
         <object_component_ref idref="oc-7c"/>
      </symbol>
      <symbol id="sm-7e5">
         <name>exit</name>
         <value>0x82f1</value>
         <object_component_ref idref="oc-7c"/>
      </symbol>
      <symbol id="sm-7e6">
         <name>__TI_dtors_ptr</name>
         <value>0x2000ed20</value>
         <object_component_ref idref="oc-186"/>
      </symbol>
      <symbol id="sm-7e7">
         <name>__TI_cleanup_ptr</name>
         <value>0x2000ed1c</value>
         <object_component_ref idref="oc-186"/>
      </symbol>
      <symbol id="sm-80b">
         <name>__aeabi_dsub</name>
         <value>0x7615</value>
         <object_component_ref idref="oc-d9"/>
      </symbol>
      <symbol id="sm-80c">
         <name>__aeabi_dadd</name>
         <value>0x761f</value>
         <object_component_ref idref="oc-d9"/>
      </symbol>
      <symbol id="sm-823">
         <name>__aeabi_cdrcmple</name>
         <value>0x7f7d</value>
         <object_component_ref idref="oc-f4"/>
      </symbol>
      <symbol id="sm-843">
         <name>__aeabi_ddiv</name>
         <value>0x7915</value>
         <object_component_ref idref="oc-d4"/>
      </symbol>
      <symbol id="sm-85a">
         <name>__aeabi_dmul</name>
         <value>0x7c8d</value>
         <object_component_ref idref="oc-f9"/>
      </symbol>
      <symbol id="sm-867">
         <name>__aeabi_d2f</name>
         <value>0x829d</value>
         <object_component_ref idref="oc-de"/>
      </symbol>
      <symbol id="sm-875">
         <name>__aeabi_f2d</name>
         <value>0x83a9</value>
         <object_component_ref idref="oc-ef"/>
      </symbol>
      <symbol id="sm-881">
         <name>__aeabi_i2d</name>
         <value>0x8445</value>
         <object_component_ref idref="oc-cf"/>
      </symbol>
      <symbol id="sm-89c">
         <name>memcpy</name>
         <value>0x7e47</value>
         <object_component_ref idref="oc-45"/>
      </symbol>
      <symbol id="sm-89d">
         <name>__aeabi_memcpy</name>
         <value>0x7e47</value>
         <object_component_ref idref="oc-45"/>
      </symbol>
      <symbol id="sm-89e">
         <name>__aeabi_memcpy8</name>
         <value>0x7e47</value>
         <object_component_ref idref="oc-45"/>
      </symbol>
      <symbol id="sm-89f">
         <name>__aeabi_memcpy4</name>
         <value>0x7e47</value>
         <object_component_ref idref="oc-45"/>
      </symbol>
      <symbol id="sm-8ae">
         <name>__aeabi_memset</name>
         <value>0x8005</value>
         <object_component_ref idref="oc-5e"/>
      </symbol>
      <symbol id="sm-8af">
         <name>memset</name>
         <value>0x800b</value>
         <object_component_ref idref="oc-5e"/>
      </symbol>
      <symbol id="sm-8b0">
         <name>__aeabi_memset8</name>
         <value>0x8005</value>
         <object_component_ref idref="oc-5e"/>
      </symbol>
      <symbol id="sm-8b1">
         <name>__aeabi_memset4</name>
         <value>0x8005</value>
         <object_component_ref idref="oc-5e"/>
      </symbol>
      <symbol id="sm-8b2">
         <name>__aeabi_memclr8</name>
         <value>0x8003</value>
         <object_component_ref idref="oc-5e"/>
      </symbol>
      <symbol id="sm-8b3">
         <name>__aeabi_memclr4</name>
         <value>0x8003</value>
         <object_component_ref idref="oc-5e"/>
      </symbol>
      <symbol id="sm-8b4">
         <name>__aeabi_memclr</name>
         <value>0x8003</value>
         <object_component_ref idref="oc-5e"/>
      </symbol>
      <symbol id="sm-8be">
         <name>_system_pre_init</name>
         <value>0x8561</value>
         <object_component_ref idref="oc-6a"/>
      </symbol>
      <symbol id="sm-8dd">
         <name>sqrt</name>
         <value>0x77cd</value>
         <object_component_ref idref="oc-fe"/>
      </symbol>
      <symbol id="sm-8e5">
         <name>main_func_sp</name>
         <value>0x2000ed30</value>
         <object_component_ref idref="oc-82"/>
      </symbol>
      <symbol id="sm-8f7">
         <name>__aeabi_uidivmod</name>
         <value>0x8369</value>
         <object_component_ref idref="oc-139"/>
      </symbol>
      <symbol id="sm-8f8">
         <name>__aeabi_uidiv</name>
         <value>0x8369</value>
         <object_component_ref idref="oc-139"/>
      </symbol>
      <symbol id="sm-914">
         <name>_Dscale</name>
         <value>0x7b7d</value>
         <object_component_ref idref="oc-1fc"/>
      </symbol>
      <symbol id="sm-928">
         <name>_Dunscale</name>
         <value>0x8153</value>
         <object_component_ref idref="oc-1f6"/>
      </symbol>
      <symbol id="sm-937">
         <name>_Feraise</name>
         <value>0x8415</value>
         <object_component_ref idref="oc-202"/>
      </symbol>
      <symbol id="sm-947">
         <name>_Rteps</name>
         <value>0x2000eb88</value>
         <object_component_ref idref="oc-208"/>
      </symbol>
      <symbol id="sm-948">
         <name>_Zero</name>
         <value>0x2000eba0</value>
         <object_component_ref idref="oc-208"/>
      </symbol>
      <symbol id="sm-949">
         <name>_Hugeval</name>
         <value>0x2000eb48</value>
         <object_component_ref idref="oc-208"/>
      </symbol>
      <symbol id="sm-94a">
         <name>_Snan</name>
         <value>0x2000eb78</value>
         <object_component_ref idref="oc-208"/>
      </symbol>
      <symbol id="sm-94b">
         <name>_Nan</name>
         <value>0x2000eb68</value>
         <object_component_ref idref="oc-208"/>
      </symbol>
      <symbol id="sm-94c">
         <name>_Inf</name>
         <value>0x2000eb58</value>
         <object_component_ref idref="oc-208"/>
      </symbol>
      <symbol id="sm-94d">
         <name>_Xbig</name>
         <value>0x2000eb98</value>
         <object_component_ref idref="oc-208"/>
      </symbol>
      <symbol id="sm-94e">
         <name>_Eps</name>
         <value>0x2000eb38</value>
         <object_component_ref idref="oc-208"/>
      </symbol>
      <symbol id="sm-94f">
         <name>_Denorm</name>
         <value>0x2000eb28</value>
         <object_component_ref idref="oc-208"/>
      </symbol>
      <symbol id="sm-968">
         <name>_nop</name>
         <value>0x84e3</value>
         <object_component_ref idref="oc-261"/>
      </symbol>
      <symbol id="sm-969">
         <name>_lock</name>
         <value>0x2000ed14</value>
         <object_component_ref idref="oc-183"/>
      </symbol>
      <symbol id="sm-96a">
         <name>_unlock</name>
         <value>0x2000ed18</value>
         <object_component_ref idref="oc-183"/>
      </symbol>
      <symbol id="sm-96b">
         <name>_register_lock</name>
         <value>0x84db</value>
         <object_component_ref idref="oc-261"/>
      </symbol>
      <symbol id="sm-96c">
         <name>_register_unlock</name>
         <value>0x84d5</value>
         <object_component_ref idref="oc-261"/>
      </symbol>
      <symbol id="sm-981">
         <name>_args_main</name>
         <value>0x84bd</value>
         <object_component_ref idref="oc-76"/>
      </symbol>
      <symbol id="sm-9a7">
         <name>__TI_auto_init</name>
         <value>0x807d</value>
         <object_component_ref idref="oc-70"/>
      </symbol>
      <symbol id="sm-9c1">
         <name>copy_in</name>
         <value>0x8209</value>
         <object_component_ref idref="oc-179"/>
      </symbol>
      <symbol id="sm-9c9">
         <name>_Errno</name>
         <value>0x2000ed2c</value>
         <object_component_ref idref="oc-2a1"/>
      </symbol>
      <symbol id="sm-9e7">
         <name>feraiseexcept</name>
         <value>0x83e1</value>
         <object_component_ref idref="oc-29b"/>
      </symbol>
      <symbol id="sm-9e8">
         <name>_Tls_setup__Fenv</name>
         <value>0x2000ed28</value>
         <object_component_ref idref="oc-2e0"/>
      </symbol>
      <symbol id="sm-9e9">
         <name>_Fenv</name>
         <value>0x2000ed24</value>
         <object_component_ref idref="oc-2e0"/>
      </symbol>
      <symbol id="sm-9f3">
         <name>__aeabi_idiv0</name>
         <value>0x77cb</value>
         <object_component_ref idref="oc-23d"/>
      </symbol>
      <symbol id="sm-a07">
         <name>raise</name>
         <value>0x8473</value>
         <object_component_ref idref="oc-2da"/>
      </symbol>
      <symbol id="sm-a21">
         <name>signal</name>
         <value>0x8329</value>
         <object_component_ref idref="oc-2eb"/>
      </symbol>
      <symbol id="sm-a36">
         <name>_Dnorm</name>
         <value>0x7d89</value>
         <object_component_ref idref="oc-291"/>
      </symbol>
      <symbol id="sm-a4d">
         <name>TimerIntClear</name>
         <value>0x855d</value>
         <object_component_ref idref="oc-87"/>
      </symbol>
      <symbol id="sm-abb">
         <name>SysCtlDelay</name>
         <value>0x8551</value>
         <object_component_ref idref="oc-1d9"/>
      </symbol>
      <symbol id="sm-abc">
         <name>SysCtlClockFreqSet</name>
         <value>0x7419</value>
         <object_component_ref idref="oc-96"/>
      </symbol>
      <symbol id="sm-af2">
         <name>I2CSlaveIntEnableEx</name>
         <value>0x8515</value>
         <object_component_ref idref="oc-a2"/>
      </symbol>
      <symbol id="sm-af3">
         <name>I2CSlaveDataGet</name>
         <value>0x853f</value>
         <object_component_ref idref="oc-151"/>
      </symbol>
      <symbol id="sm-af4">
         <name>I2CSlaveEnable</name>
         <value>0x84e9</value>
         <object_component_ref idref="oc-a8"/>
      </symbol>
      <symbol id="sm-af5">
         <name>I2CSlaveDataPut</name>
         <value>0x8545</value>
         <object_component_ref idref="oc-14b"/>
      </symbol>
      <symbol id="sm-af6">
         <name>I2CSlaveStatus</name>
         <value>0x854b</value>
         <object_component_ref idref="oc-145"/>
      </symbol>
      <symbol id="sm-af7">
         <name>I2CSlaveInit</name>
         <value>0x84f9</value>
         <object_component_ref idref="oc-9c"/>
      </symbol>
      <symbol id="sm-b14">
         <name>GPIOPinWrite</name>
         <value>0x8539</value>
         <object_component_ref idref="oc-c6"/>
      </symbol>
      <symbol id="sm-b15">
         <name>GPIOPadConfigSet</name>
         <value>0x7a4b</value>
         <object_component_ref idref="oc-ae"/>
      </symbol>
      <symbol id="sm-b17">
         <name>__TI_static_base__</name>
         <value>0x0</value>
      </symbol>
      <symbol id="sm-b1a">
         <name>SHT$$INIT_ARRAY$$Limit</name>
         <value>0x0</value>
      </symbol>
      <symbol id="sm-b1b">
         <name>SHT$$INIT_ARRAY$$Base</name>
         <value>0x0</value>
      </symbol>
   </symbol_table>
   <title>Link successful</title>
</link_info>
