<?xml version="1.0"?>
<link_info>
   <banner>TI ARM Linker PC v5.2.5</banner>
   <copyright>Copyright (c) 1996-2015 Texas Instruments Incorporated</copyright>
   <link_time>0x569d4946</link_time>
   <link_errors>0x0</link_errors>
   <output_file>IMU_G3.out</output_file>
   <entry_point>
      <name>_c_int00</name>
      <address>0x84bd</address>
   </entry_point>
   <input_file_list>
      <input_file id="fl-2">
         <path>.\</path>
         <kind>object</kind>
         <file>cobs.obj</file>
         <name>cobs.obj</name>
      </input_file>
      <input_file id="fl-3">
         <path>.\</path>
         <kind>object</kind>
         <file>imu.obj</file>
         <name>imu.obj</name>
      </input_file>
      <input_file id="fl-4">
         <path>.\</path>
         <kind>object</kind>
         <file>main.obj</file>
         <name>main.obj</name>
      </input_file>
      <input_file id="fl-5">
         <path>.\</path>
         <kind>object</kind>
         <file>registers.obj</file>
         <name>registers.obj</name>
      </input_file>
      <input_file id="fl-6">
         <path>.\</path>
         <kind>object</kind>
         <file>sd.obj</file>
         <name>sd.obj</name>
      </input_file>
      <input_file id="fl-7">
         <path>.\</path>
         <kind>object</kind>
         <file>tm4c1294ncpdt_startup_ccs.obj</file>
         <name>tm4c1294ncpdt_startup_ccs.obj</name>
      </input_file>
      <input_file id="fl-8">
         <path>.\</path>
         <kind>object</kind>
         <file>vector3.obj</file>
         <name>vector3.obj</name>
      </input_file>
      <input_file id="fl-9">
         <path>.\utils\</path>
         <kind>object</kind>
         <file>uartstdio.obj</file>
         <name>uartstdio.obj</name>
      </input_file>
      <input_file id="fl-a">
         <path>.\utils\</path>
         <kind>object</kind>
         <file>ustdlib.obj</file>
         <name>ustdlib.obj</name>
      </input_file>
      <input_file id="fl-b">
         <path>.\fatfs\</path>
         <kind>object</kind>
         <file>ff.obj</file>
         <name>ff.obj</name>
      </input_file>
      <input_file id="fl-c">
         <path>.\fatfs\</path>
         <kind>object</kind>
         <file>mmc-ek-tm4c1294xl.obj</file>
         <name>mmc-ek-tm4c1294xl.obj</name>
      </input_file>
      <input_file id="fl-12">
         <path>C:\ti\TivaWare_C_Series-2.1.0.12573\driverlib\ccs\Debug\</path>
         <kind>archive</kind>
         <file>driverlib.lib</file>
         <name>timer.obj</name>
      </input_file>
      <input_file id="fl-13">
         <path>C:\ti\TivaWare_C_Series-2.1.0.12573\driverlib\ccs\Debug\</path>
         <kind>archive</kind>
         <file>driverlib.lib</file>
         <name>sysctl.obj</name>
      </input_file>
      <input_file id="fl-14">
         <path>C:\ti\TivaWare_C_Series-2.1.0.12573\driverlib\ccs\Debug\</path>
         <kind>archive</kind>
         <file>driverlib.lib</file>
         <name>interrupt.obj</name>
      </input_file>
      <input_file id="fl-15">
         <path>C:\ti\TivaWare_C_Series-2.1.0.12573\driverlib\ccs\Debug\</path>
         <kind>archive</kind>
         <file>driverlib.lib</file>
         <name>i2c.obj</name>
      </input_file>
      <input_file id="fl-16">
         <path>C:\ti\TivaWare_C_Series-2.1.0.12573\driverlib\ccs\Debug\</path>
         <kind>archive</kind>
         <file>driverlib.lib</file>
         <name>gpio.obj</name>
      </input_file>
      <input_file id="fl-17">
         <path>C:\ti\TivaWare_C_Series-2.1.0.12573\driverlib\ccs\Debug\</path>
         <kind>archive</kind>
         <file>driverlib.lib</file>
         <name>cpu.obj</name>
      </input_file>
      <input_file id="fl-139">
         <path>C:\ti\ccsv6\tools\compiler\ti-cgt-arm_5.2.5\lib\</path>
         <kind>archive</kind>
         <file>rtsv7M4_T_le_v4SPD16_eabi.lib</file>
         <name>boot.obj</name>
      </input_file>
      <input_file id="fl-13a">
         <path>C:\ti\ccsv6\tools\compiler\ti-cgt-arm_5.2.5\lib\</path>
         <kind>archive</kind>
         <file>rtsv7M4_T_le_v4SPD16_eabi.lib</file>
         <name>copy_decompress_none.obj</name>
      </input_file>
      <input_file id="fl-13b">
         <path>C:\ti\ccsv6\tools\compiler\ti-cgt-arm_5.2.5\lib\</path>
         <kind>archive</kind>
         <file>rtsv7M4_T_le_v4SPD16_eabi.lib</file>
         <name>copy_decompress_rle.obj</name>
      </input_file>
      <input_file id="fl-13c">
         <path>C:\ti\ccsv6\tools\compiler\ti-cgt-arm_5.2.5\lib\</path>
         <kind>archive</kind>
         <file>rtsv7M4_T_le_v4SPD16_eabi.lib</file>
         <name>copy_zero_init.obj</name>
      </input_file>
      <input_file id="fl-13d">
         <path>C:\ti\ccsv6\tools\compiler\ti-cgt-arm_5.2.5\lib\</path>
         <kind>archive</kind>
         <file>rtsv7M4_T_le_v4SPD16_eabi.lib</file>
         <name>exit.obj</name>
      </input_file>
      <input_file id="fl-13e">
         <path>C:\ti\ccsv6\tools\compiler\ti-cgt-arm_5.2.5\lib\</path>
         <kind>archive</kind>
         <file>rtsv7M4_T_le_v4SPD16_eabi.lib</file>
         <name>fd_add_t2.obj</name>
      </input_file>
      <input_file id="fl-13f">
         <path>C:\ti\ccsv6\tools\compiler\ti-cgt-arm_5.2.5\lib\</path>
         <kind>archive</kind>
         <file>rtsv7M4_T_le_v4SPD16_eabi.lib</file>
         <name>fd_cmp_t2.obj</name>
      </input_file>
      <input_file id="fl-140">
         <path>C:\ti\ccsv6\tools\compiler\ti-cgt-arm_5.2.5\lib\</path>
         <kind>archive</kind>
         <file>rtsv7M4_T_le_v4SPD16_eabi.lib</file>
         <name>fd_div_t2.obj</name>
      </input_file>
      <input_file id="fl-141">
         <path>C:\ti\ccsv6\tools\compiler\ti-cgt-arm_5.2.5\lib\</path>
         <kind>archive</kind>
         <file>rtsv7M4_T_le_v4SPD16_eabi.lib</file>
         <name>fd_mul_t2.obj</name>
      </input_file>
      <input_file id="fl-142">
         <path>C:\ti\ccsv6\tools\compiler\ti-cgt-arm_5.2.5\lib\</path>
         <kind>archive</kind>
         <file>rtsv7M4_T_le_v4SPD16_eabi.lib</file>
         <name>fd_tos_t2.obj</name>
      </input_file>
      <input_file id="fl-143">
         <path>C:\ti\ccsv6\tools\compiler\ti-cgt-arm_5.2.5\lib\</path>
         <kind>archive</kind>
         <file>rtsv7M4_T_le_v4SPD16_eabi.lib</file>
         <name>fs_tod_t2.obj</name>
      </input_file>
      <input_file id="fl-144">
         <path>C:\ti\ccsv6\tools\compiler\ti-cgt-arm_5.2.5\lib\</path>
         <kind>archive</kind>
         <file>rtsv7M4_T_le_v4SPD16_eabi.lib</file>
         <name>i_tofd_t2.obj</name>
      </input_file>
      <input_file id="fl-145">
         <path>C:\ti\ccsv6\tools\compiler\ti-cgt-arm_5.2.5\lib\</path>
         <kind>archive</kind>
         <file>rtsv7M4_T_le_v4SPD16_eabi.lib</file>
         <name>memcpy_t2.obj</name>
      </input_file>
      <input_file id="fl-146">
         <path>C:\ti\ccsv6\tools\compiler\ti-cgt-arm_5.2.5\lib\</path>
         <kind>archive</kind>
         <file>rtsv7M4_T_le_v4SPD16_eabi.lib</file>
         <name>memset_t2.obj</name>
      </input_file>
      <input_file id="fl-147">
         <path>C:\ti\ccsv6\tools\compiler\ti-cgt-arm_5.2.5\lib\</path>
         <kind>archive</kind>
         <file>rtsv7M4_T_le_v4SPD16_eabi.lib</file>
         <name>pre_init.obj</name>
      </input_file>
      <input_file id="fl-148">
         <path>C:\ti\ccsv6\tools\compiler\ti-cgt-arm_5.2.5\lib\</path>
         <kind>archive</kind>
         <file>rtsv7M4_T_le_v4SPD16_eabi.lib</file>
         <name>sqrt.obj</name>
      </input_file>
      <input_file id="fl-149">
         <path>C:\ti\ccsv6\tools\compiler\ti-cgt-arm_5.2.5\lib\</path>
         <kind>archive</kind>
         <file>rtsv7M4_T_le_v4SPD16_eabi.lib</file>
         <name>stkdepth_vars.obj</name>
      </input_file>
      <input_file id="fl-14a">
         <path>C:\ti\ccsv6\tools\compiler\ti-cgt-arm_5.2.5\lib\</path>
         <kind>archive</kind>
         <file>rtsv7M4_T_le_v4SPD16_eabi.lib</file>
         <name>u_divt2.obj</name>
      </input_file>
      <input_file id="fl-14b">
         <path>C:\ti\ccsv6\tools\compiler\ti-cgt-arm_5.2.5\lib\</path>
         <kind>archive</kind>
         <file>rtsv7M4_T_le_v4SPD16_eabi.lib</file>
         <name>xdscale.obj</name>
      </input_file>
      <input_file id="fl-14c">
         <path>C:\ti\ccsv6\tools\compiler\ti-cgt-arm_5.2.5\lib\</path>
         <kind>archive</kind>
         <file>rtsv7M4_T_le_v4SPD16_eabi.lib</file>
         <name>xdunscal.obj</name>
      </input_file>
      <input_file id="fl-14d">
         <path>C:\ti\ccsv6\tools\compiler\ti-cgt-arm_5.2.5\lib\</path>
         <kind>archive</kind>
         <file>rtsv7M4_T_le_v4SPD16_eabi.lib</file>
         <name>xferaise.obj</name>
      </input_file>
      <input_file id="fl-14e">
         <path>C:\ti\ccsv6\tools\compiler\ti-cgt-arm_5.2.5\lib\</path>
         <kind>archive</kind>
         <file>rtsv7M4_T_le_v4SPD16_eabi.lib</file>
         <name>xvalues.obj</name>
      </input_file>
      <input_file id="fl-14f">
         <path>C:\ti\ccsv6\tools\compiler\ti-cgt-arm_5.2.5\lib\</path>
         <kind>archive</kind>
         <file>rtsv7M4_T_le_v4SPD16_eabi.lib</file>
         <name>_lock.obj</name>
      </input_file>
      <input_file id="fl-150">
         <path>C:\ti\ccsv6\tools\compiler\ti-cgt-arm_5.2.5\lib\</path>
         <kind>archive</kind>
         <file>rtsv7M4_T_le_v4SPD16_eabi.lib</file>
         <name>args_main.obj</name>
      </input_file>
      <input_file id="fl-151">
         <path>C:\ti\ccsv6\tools\compiler\ti-cgt-arm_5.2.5\lib\</path>
         <kind>archive</kind>
         <file>rtsv7M4_T_le_v4SPD16_eabi.lib</file>
         <name>autoinit.obj</name>
      </input_file>
      <input_file id="fl-152">
         <path>C:\ti\ccsv6\tools\compiler\ti-cgt-arm_5.2.5\lib\</path>
         <kind>archive</kind>
         <file>rtsv7M4_T_le_v4SPD16_eabi.lib</file>
         <name>cpy_tbl.obj</name>
      </input_file>
      <input_file id="fl-153">
         <path>C:\ti\ccsv6\tools\compiler\ti-cgt-arm_5.2.5\lib\</path>
         <kind>archive</kind>
         <file>rtsv7M4_T_le_v4SPD16_eabi.lib</file>
         <name>errno.obj</name>
      </input_file>
      <input_file id="fl-154">
         <path>C:\ti\ccsv6\tools\compiler\ti-cgt-arm_5.2.5\lib\</path>
         <kind>archive</kind>
         <file>rtsv7M4_T_le_v4SPD16_eabi.lib</file>
         <name>feraiseexcept.obj</name>
      </input_file>
      <input_file id="fl-155">
         <path>C:\ti\ccsv6\tools\compiler\ti-cgt-arm_5.2.5\lib\</path>
         <kind>archive</kind>
         <file>rtsv7M4_T_le_v4SPD16_eabi.lib</file>
         <name>i_div0.obj</name>
      </input_file>
      <input_file id="fl-156">
         <path>C:\ti\ccsv6\tools\compiler\ti-cgt-arm_5.2.5\lib\</path>
         <kind>archive</kind>
         <file>rtsv7M4_T_le_v4SPD16_eabi.lib</file>
         <name>raise.obj</name>
      </input_file>
      <input_file id="fl-157">
         <path>C:\ti\ccsv6\tools\compiler\ti-cgt-arm_5.2.5\lib\</path>
         <kind>archive</kind>
         <file>rtsv7M4_T_le_v4SPD16_eabi.lib</file>
         <name>signal.obj</name>
      </input_file>
      <input_file id="fl-158">
         <path>C:\ti\ccsv6\tools\compiler\ti-cgt-arm_5.2.5\lib\</path>
         <kind>archive</kind>
         <file>rtsv7M4_T_le_v4SPD16_eabi.lib</file>
         <name>xdnorm.obj</name>
      </input_file>
   </input_file_list>
   <object_component_list>
      <object_component id="oc-f">
         <name>.intvecs</name>
         <load_address>0x0</load_address>
         <run_address>0x0</run_address>
         <size>0x208</size>
         <input_file_ref idref="fl-7"/>
      </object_component>
      <object_component id="oc-30">
         <name>.text</name>
         <load_address>0x208</load_address>
         <run_address>0x208</run_address>
         <size>0x2fb8</size>
         <input_file_ref idref="fl-4"/>
      </object_component>
      <object_component id="oc-210">
         <name>.text</name>
         <load_address>0x31c0</load_address>
         <run_address>0x31c0</run_address>
         <size>0x2a14</size>
         <input_file_ref idref="fl-b"/>
      </object_component>
      <object_component id="oc-8d">
         <name>.text</name>
         <load_address>0x5bd4</load_address>
         <run_address>0x5bd4</run_address>
         <size>0x944</size>
         <input_file_ref idref="fl-c"/>
      </object_component>
      <object_component id="oc-36">
         <name>.text</name>
         <load_address>0x6518</load_address>
         <run_address>0x6518</run_address>
         <size>0x914</size>
         <input_file_ref idref="fl-9"/>
      </object_component>
      <object_component id="oc-3c">
         <name>.text</name>
         <load_address>0x6e2c</load_address>
         <run_address>0x6e2c</run_address>
         <size>0x31c</size>
         <input_file_ref idref="fl-5"/>
      </object_component>
      <object_component id="oc-c0">
         <name>.text</name>
         <load_address>0x7148</load_address>
         <run_address>0x7148</run_address>
         <size>0x314</size>
         <input_file_ref idref="fl-3"/>
      </object_component>
      <object_component id="oc-10d">
         <name>.text</name>
         <load_address>0x745c</load_address>
         <run_address>0x745c</run_address>
         <size>0x2c0</size>
         <input_file_ref idref="fl-6"/>
      </object_component>
      <object_component id="oc-96">
         <name>.text:SysCtlClockFreqSet</name>
         <load_address>0x771c</load_address>
         <run_address>0x771c</run_address>
         <size>0x1fc</size>
         <input_file_ref idref="fl-13"/>
      </object_component>
      <object_component id="oc-d9">
         <name>.text</name>
         <load_address>0x7918</load_address>
         <run_address>0x7918</run_address>
         <size>0x1b6</size>
         <input_file_ref idref="fl-13e"/>
      </object_component>
      <object_component id="oc-23d">
         <name>.text</name>
         <load_address>0x7ace</load_address>
         <run_address>0x7ace</run_address>
         <size>0x2</size>
         <input_file_ref idref="fl-155"/>
      </object_component>
      <object_component id="oc-fe">
         <name>.text</name>
         <load_address>0x7ad0</load_address>
         <run_address>0x7ad0</run_address>
         <size>0x148</size>
         <input_file_ref idref="fl-148"/>
      </object_component>
      <object_component id="oc-d4">
         <name>.text</name>
         <load_address>0x7c18</load_address>
         <run_address>0x7c18</run_address>
         <size>0x136</size>
         <input_file_ref idref="fl-140"/>
      </object_component>
      <object_component id="oc-ae">
         <name>.text:GPIOPadConfigSet</name>
         <load_address>0x7d4e</load_address>
         <run_address>0x7d4e</run_address>
         <size>0x130</size>
         <input_file_ref idref="fl-16"/>
      </object_component>
      <object_component id="oc-1fc">
         <name>.text</name>
         <load_address>0x7e80</load_address>
         <run_address>0x7e80</run_address>
         <size>0x110</size>
         <input_file_ref idref="fl-14b"/>
      </object_component>
      <object_component id="oc-f9">
         <name>.text</name>
         <load_address>0x7f90</load_address>
         <run_address>0x7f90</run_address>
         <size>0xfc</size>
         <input_file_ref idref="fl-141"/>
      </object_component>
      <object_component id="oc-291">
         <name>.text</name>
         <load_address>0x808c</load_address>
         <run_address>0x808c</run_address>
         <size>0xbe</size>
         <input_file_ref idref="fl-158"/>
      </object_component>
      <object_component id="oc-45">
         <name>.text</name>
         <load_address>0x814a</load_address>
         <run_address>0x814a</run_address>
         <size>0x9c</size>
         <input_file_ref idref="fl-145"/>
      </object_component>
      <object_component id="oc-107">
         <name>.text</name>
         <load_address>0x81e6</load_address>
         <run_address>0x81e6</run_address>
         <size>0x9a</size>
         <input_file_ref idref="fl-2"/>
      </object_component>
      <object_component id="oc-f4">
         <name>.text:__aeabi_cdrcmple</name>
         <load_address>0x8280</load_address>
         <run_address>0x8280</run_address>
         <size>0x86</size>
         <input_file_ref idref="fl-13f"/>
      </object_component>
      <object_component id="oc-5e">
         <name>.text</name>
         <load_address>0x8306</load_address>
         <run_address>0x8306</run_address>
         <size>0x7a</size>
         <input_file_ref idref="fl-146"/>
      </object_component>
      <object_component id="oc-70">
         <name>.text</name>
         <load_address>0x8380</load_address>
         <run_address>0x8380</run_address>
         <size>0x6c</size>
         <input_file_ref idref="fl-151"/>
      </object_component>
      <object_component id="oc-51">
         <name>.text</name>
         <load_address>0x83ec</load_address>
         <run_address>0x83ec</run_address>
         <size>0x6a</size>
         <input_file_ref idref="fl-13b"/>
      </object_component>
      <object_component id="oc-1f6">
         <name>.text</name>
         <load_address>0x8456</load_address>
         <run_address>0x8456</run_address>
         <size>0x66</size>
         <input_file_ref idref="fl-14c"/>
      </object_component>
      <object_component id="oc-24">
         <name>.text</name>
         <load_address>0x84bc</load_address>
         <run_address>0x84bc</run_address>
         <size>0x50</size>
         <input_file_ref idref="fl-139"/>
      </object_component>
      <object_component id="oc-179">
         <name>.text</name>
         <load_address>0x850c</load_address>
         <run_address>0x850c</run_address>
         <size>0x4c</size>
         <input_file_ref idref="fl-152"/>
      </object_component>
      <object_component id="oc-1b0">
         <name>.text:_SysCtlFrequencyGet</name>
         <load_address>0x8558</load_address>
         <run_address>0x8558</run_address>
         <size>0x48</size>
         <input_file_ref idref="fl-13"/>
      </object_component>
      <object_component id="oc-de">
         <name>.text</name>
         <load_address>0x85a0</load_address>
         <run_address>0x85a0</run_address>
         <size>0x48</size>
         <input_file_ref idref="fl-142"/>
      </object_component>
      <object_component id="oc-7c">
         <name>.text</name>
         <load_address>0x85e8</load_address>
         <run_address>0x85e8</run_address>
         <size>0x44</size>
         <input_file_ref idref="fl-13d"/>
      </object_component>
      <object_component id="oc-2eb">
         <name>.text</name>
         <load_address>0x862c</load_address>
         <run_address>0x862c</run_address>
         <size>0x40</size>
         <input_file_ref idref="fl-157"/>
      </object_component>
      <object_component id="oc-139">
         <name>.text</name>
         <load_address>0x866c</load_address>
         <run_address>0x866c</run_address>
         <size>0x40</size>
         <input_file_ref idref="fl-14a"/>
      </object_component>
      <object_component id="oc-ef">
         <name>.text</name>
         <load_address>0x86ac</load_address>
         <run_address>0x86ac</run_address>
         <size>0x38</size>
         <input_file_ref idref="fl-143"/>
      </object_component>
      <object_component id="oc-29b">
         <name>.text</name>
         <load_address>0x86e4</load_address>
         <run_address>0x86e4</run_address>
         <size>0x34</size>
         <input_file_ref idref="fl-154"/>
      </object_component>
      <object_component id="oc-202">
         <name>.text</name>
         <load_address>0x8718</load_address>
         <run_address>0x8718</run_address>
         <size>0x30</size>
         <input_file_ref idref="fl-14d"/>
      </object_component>
      <object_component id="oc-cf">
         <name>.text</name>
         <load_address>0x8748</load_address>
         <run_address>0x8748</run_address>
         <size>0x2e</size>
         <input_file_ref idref="fl-144"/>
      </object_component>
      <object_component id="oc-2da">
         <name>.text</name>
         <load_address>0x8776</load_address>
         <run_address>0x8776</run_address>
         <size>0x2e</size>
         <input_file_ref idref="fl-156"/>
      </object_component>
      <object_component id="oc-1aa">
         <name>.text:_SysCtlMemTimingGet</name>
         <load_address>0x87a4</load_address>
         <run_address>0x87a4</run_address>
         <size>0x1c</size>
         <input_file_ref idref="fl-13"/>
      </object_component>
      <object_component id="oc-76">
         <name>.text</name>
         <load_address>0x87c0</load_address>
         <run_address>0x87c0</run_address>
         <size>0x18</size>
         <input_file_ref idref="fl-150"/>
      </object_component>
      <object_component id="oc-261">
         <name>.text</name>
         <load_address>0x87d8</load_address>
         <run_address>0x87d8</run_address>
         <size>0x14</size>
         <input_file_ref idref="fl-14f"/>
      </object_component>
      <object_component id="oc-a8">
         <name>.text:I2CSlaveEnable</name>
         <load_address>0x87ec</load_address>
         <run_address>0x87ec</run_address>
         <size>0x10</size>
         <input_file_ref idref="fl-15"/>
      </object_component>
      <object_component id="oc-9c">
         <name>.text:I2CSlaveInit</name>
         <load_address>0x87fc</load_address>
         <run_address>0x87fc</run_address>
         <size>0xe</size>
         <input_file_ref idref="fl-15"/>
      </object_component>
      <object_component id="oc-12">
         <name>.text:decompress:none</name>
         <load_address>0x880a</load_address>
         <run_address>0x880a</run_address>
         <size>0xe</size>
         <input_file_ref idref="fl-13a"/>
      </object_component>
      <object_component id="oc-a2">
         <name>.text:I2CSlaveIntEnableEx</name>
         <load_address>0x8818</load_address>
         <run_address>0x8818</run_address>
         <size>0xc</size>
         <input_file_ref idref="fl-15"/>
      </object_component>
      <object_component id="oc-1e">
         <name>.text:decompress:ZI</name>
         <load_address>0x8824</load_address>
         <run_address>0x8824</run_address>
         <size>0xc</size>
         <input_file_ref idref="fl-13c"/>
      </object_component>
      <object_component id="oc-2a">
         <name>.text</name>
         <load_address>0x8830</load_address>
         <run_address>0x8830</run_address>
         <size>0xc</size>
         <input_file_ref idref="fl-7"/>
      </object_component>
      <object_component id="oc-c6">
         <name>.text:GPIOPinWrite</name>
         <load_address>0x883c</load_address>
         <run_address>0x883c</run_address>
         <size>0x6</size>
         <input_file_ref idref="fl-16"/>
      </object_component>
      <object_component id="oc-151">
         <name>.text:I2CSlaveDataGet</name>
         <load_address>0x8842</load_address>
         <run_address>0x8842</run_address>
         <size>0x6</size>
         <input_file_ref idref="fl-15"/>
      </object_component>
      <object_component id="oc-14b">
         <name>.text:I2CSlaveDataPut</name>
         <load_address>0x8848</load_address>
         <run_address>0x8848</run_address>
         <size>0x6</size>
         <input_file_ref idref="fl-15"/>
      </object_component>
      <object_component id="oc-145">
         <name>.text:I2CSlaveStatus</name>
         <load_address>0x884e</load_address>
         <run_address>0x884e</run_address>
         <size>0x6</size>
         <input_file_ref idref="fl-15"/>
      </object_component>
      <object_component id="oc-1d9">
         <name>.text:SysCtlDelay</name>
         <load_address>0x8854</load_address>
         <run_address>0x8854</run_address>
         <size>0x6</size>
         <input_file_ref idref="fl-13"/>
      </object_component>
      <object_component id="oc-18">
         <name>.text:decompress:rle24</name>
         <load_address>0x885a</load_address>
         <run_address>0x885a</run_address>
         <size>0x6</size>
         <input_file_ref idref="fl-13b"/>
      </object_component>
      <object_component id="oc-87">
         <name>.text:TimerIntClear</name>
         <load_address>0x8860</load_address>
         <run_address>0x8860</run_address>
         <size>0x4</size>
         <input_file_ref idref="fl-12"/>
      </object_component>
      <object_component id="oc-6a">
         <name>.text</name>
         <load_address>0x8864</load_address>
         <run_address>0x8864</run_address>
         <size>0x4</size>
         <input_file_ref idref="fl-147"/>
      </object_component>
      <object_component id="oc-2b3">
         <name>.const:.string</name>
         <load_address>0x8868</load_address>
         <run_address>0x8868</run_address>
         <size>0x13a</size>
         <input_file_ref idref="fl-6"/>
      </object_component>
      <object_component id="oc-1b9">
         <name>.const:g_pppui32XTALtoVCO</name>
         <load_address>0x89a4</load_address>
         <run_address>0x89a4</run_address>
         <size>0x120</size>
         <input_file_ref idref="fl-13"/>
      </object_component>
      <object_component id="oc-1da">
         <name>.const:IMU_PORT_BASE</name>
         <load_address>0x8ac4</load_address>
         <run_address>0x8ac4</run_address>
         <size>0x80</size>
         <input_file_ref idref="fl-3"/>
      </object_component>
      <object_component id="oc-b7">
         <name>.const:IMU_PORT_BASE</name>
         <load_address>0x8b44</load_address>
         <run_address>0x8b44</run_address>
         <size>0x80</size>
         <input_file_ref idref="fl-4"/>
      </object_component>
      <object_component id="oc-1b6">
         <name>.const:g_pui32Xtals</name>
         <load_address>0x8bc4</load_address>
         <run_address>0x8bc4</run_address>
         <size>0x6c</size>
         <input_file_ref idref="fl-13"/>
      </object_component>
      <object_component id="oc-e3">
         <name>.const</name>
         <load_address>0x8c30</load_address>
         <run_address>0x8c30</run_address>
         <size>0x48</size>
         <input_file_ref idref="fl-4"/>
      </object_component>
      <object_component id="oc-275">
         <name>.const:g_sXTALtoMEMTIM</name>
         <load_address>0x8c78</load_address>
         <run_address>0x8c78</run_address>
         <size>0x30</size>
         <input_file_ref idref="fl-13"/>
      </object_component>
      <object_component id="oc-12d">
         <name>.const</name>
         <load_address>0x8ca8</load_address>
         <run_address>0x8ca8</run_address>
         <size>0x28</size>
         <input_file_ref idref="fl-9"/>
      </object_component>
      <object_component id="oc-1dd">
         <name>.const:.string</name>
         <load_address>0x8cd0</load_address>
         <run_address>0x8cd0</run_address>
         <size>0x20</size>
         <input_file_ref idref="fl-3"/>
      </object_component>
      <object_component id="oc-ba">
         <name>.const:.string</name>
         <load_address>0x8cf0</load_address>
         <run_address>0x8cf0</run_address>
         <size>0x20</size>
         <input_file_ref idref="fl-4"/>
      </object_component>
      <object_component id="oc-234">
         <name>.const:.string</name>
         <load_address>0x8d10</load_address>
         <run_address>0x8d10</run_address>
         <size>0x12</size>
         <input_file_ref idref="fl-9"/>
      </object_component>
      <object_component id="oc-1bc">
         <name>.const</name>
         <load_address>0x8d24</load_address>
         <run_address>0x8d24</run_address>
         <size>0x8</size>
         <input_file_ref idref="fl-13"/>
      </object_component>
      <object_component id="oc-333">
         <name>.cinit..data.load</name>
         <load_address>0x8d30</load_address>
         <run_address>0x8d30</run_address>
         <size>0xf3</size>
      </object_component>
      <object_component id="oc-331">
         <name>__TI_handler_table</name>
         <load_address>0x8e24</load_address>
         <run_address>0x8e24</run_address>
         <size>0xc</size>
      </object_component>
      <object_component id="oc-334">
         <name>.cinit..bss.load</name>
         <load_address>0x8e30</load_address>
         <run_address>0x8e30</run_address>
         <size>0x8</size>
      </object_component>
      <object_component id="oc-332">
         <name>__TI_cinit_table</name>
         <load_address>0x8e38</load_address>
         <run_address>0x8e38</run_address>
         <size>0x10</size>
      </object_component>
      <object_component id="oc-29">
         <name>.stack</name>
         <uninitialized>true</uninitialized>
         <run_address>0x2000ed44</run_address>
         <size>0x0</size>
         <input_file_ref idref="fl-139"/>
      </object_component>
      <object_component id="oc-335">
         <name>.stack</name>
         <uninitialized>true</uninitialized>
         <run_address>0x2000ed44</run_address>
         <size>0x0</size>
      </object_component>
      <object_component id="oc-cc">
         <name>.bss:queue</name>
         <uninitialized>true</uninitialized>
         <run_address>0x20000000</run_address>
         <size>0xb090</size>
         <input_file_ref idref="fl-4"/>
      </object_component>
      <object_component id="oc-104">
         <name>.bss:processedData</name>
         <uninitialized>true</uninitialized>
         <run_address>0x2000d3c4</run_address>
         <size>0x54</size>
         <input_file_ref idref="fl-4"/>
      </object_component>
      <object_component id="oc-bd">
         <name>.bss:cc</name>
         <uninitialized>true</uninitialized>
         <run_address>0x2000b090</run_address>
         <size>0x1980</size>
         <input_file_ref idref="fl-4"/>
      </object_component>
      <object_component id="oc-157">
         <name>.bss:regRW</name>
         <uninitialized>true</uninitialized>
         <run_address>0x2000d268</run_address>
         <size>0xdc</size>
         <input_file_ref idref="fl-5"/>
      </object_component>
      <object_component id="oc-21c">
         <name>.bss:fatFS</name>
         <uninitialized>true</uninitialized>
         <run_address>0x2000ce10</run_address>
         <size>0x234</size>
         <input_file_ref idref="fl-6"/>
      </object_component>
      <object_component id="oc-21f">
         <name>.bss:fil</name>
         <uninitialized>true</uninitialized>
         <run_address>0x2000d044</run_address>
         <size>0x224</size>
         <input_file_ref idref="fl-6"/>
      </object_component>
      <object_component id="oc-133">
         <name>.bss:g_pcUARTTxBuffer</name>
         <uninitialized>true</uninitialized>
         <run_address>0x2000ca10</run_address>
         <size>0x400</size>
         <input_file_ref idref="fl-9"/>
      </object_component>
      <object_component id="oc-136">
         <name>.bss:g_pcUARTRxBuffer</name>
         <uninitialized>true</uninitialized>
         <run_address>0x2000d344</run_address>
         <size>0x80</size>
         <input_file_ref idref="fl-9"/>
      </object_component>
      <object_component id="oc-b4">
         <name>.common:systemClock</name>
         <uninitialized>true</uninitialized>
         <run_address>0x2000d420</run_address>
         <size>0x4</size>
      </object_component>
      <object_component id="oc-13e">
         <name>.common:g_bDisableEcho</name>
         <uninitialized>true</uninitialized>
         <run_address>0x2000d429</run_address>
         <size>0x1</size>
      </object_component>
      <object_component id="oc-130">
         <name>.common:g_ui32PortNum</name>
         <uninitialized>true</uninitialized>
         <run_address>0x2000d41c</run_address>
         <size>0x4</size>
      </object_component>
      <object_component id="oc-2ae">
         <name>.common:FatFs</name>
         <uninitialized>true</uninitialized>
         <run_address>0x2000d418</run_address>
         <size>0x4</size>
      </object_component>
      <object_component id="oc-2b1">
         <name>.common:Fsid</name>
         <uninitialized>true</uninitialized>
         <run_address>0x2000d424</run_address>
         <size>0x2</size>
      </object_component>
      <object_component id="oc-19b">
         <name>.common:Timer1</name>
         <uninitialized>true</uninitialized>
         <run_address>0x2000d427</run_address>
         <size>0x1</size>
      </object_component>
      <object_component id="oc-195">
         <name>.common:Timer2</name>
         <uninitialized>true</uninitialized>
         <run_address>0x2000d428</run_address>
         <size>0x1</size>
      </object_component>
      <object_component id="oc-19c">
         <name>.common:CardType</name>
         <uninitialized>true</uninitialized>
         <run_address>0x2000d426</run_address>
         <size>0x1</size>
      </object_component>
      <object_component id="oc-1e0">
         <name>.data</name>
         <load_address>0x2000eb24</load_address>
         <run_address>0x2000eb24</run_address>
         <size>0x4</size>
         <input_file_ref idref="fl-3"/>
      </object_component>
      <object_component id="oc-93">
         <name>.data</name>
         <load_address>0x2000ec28</load_address>
         <run_address>0x2000ec28</run_address>
         <size>0x5e</size>
         <input_file_ref idref="fl-4"/>
      </object_component>
      <object_component id="oc-e9">
         <name>.data:dataCal</name>
         <load_address>0x2000e430</load_address>
         <run_address>0x2000e430</run_address>
         <size>0x300</size>
         <input_file_ref idref="fl-4"/>
      </object_component>
      <object_component id="oc-e6">
         <name>.data:tempCal</name>
         <load_address>0x2000eba8</load_address>
         <run_address>0x2000eba8</run_address>
         <size>0x80</size>
         <input_file_ref idref="fl-4"/>
      </object_component>
      <object_component id="oc-ec">
         <name>.data:dataAvgd</name>
         <load_address>0x2000ec88</load_address>
         <run_address>0x2000ec88</run_address>
         <size>0x48</size>
         <input_file_ref idref="fl-4"/>
      </object_component>
      <object_component id="oc-113">
         <name>.data:rawEncodedData</name>
         <load_address>0x2000e730</load_address>
         <run_address>0x2000e730</run_address>
         <size>0x1c8</size>
         <input_file_ref idref="fl-4"/>
      </object_component>
      <object_component id="oc-119">
         <name>.data:calEncodedData</name>
         <load_address>0x2000ecd0</load_address>
         <run_address>0x2000ecd0</run_address>
         <size>0x3a</size>
         <input_file_ref idref="fl-4"/>
      </object_component>
      <object_component id="oc-116">
         <name>.data:sdWriteBuff</name>
         <load_address>0x2000d430</load_address>
         <run_address>0x2000d430</run_address>
         <size>0x1000</size>
         <input_file_ref idref="fl-4"/>
      </object_component>
      <object_component id="oc-15a">
         <name>.data</name>
         <load_address>0x2000ed21</load_address>
         <run_address>0x2000ed21</run_address>
         <size>0x3</size>
         <input_file_ref idref="fl-5"/>
      </object_component>
      <object_component id="oc-11c">
         <name>.data:reg</name>
         <load_address>0x2000e8f8</load_address>
         <run_address>0x2000e8f8</run_address>
         <size>0xdc</size>
         <input_file_ref idref="fl-5"/>
      </object_component>
      <object_component id="oc-219">
         <name>.data</name>
         <load_address>0x2000ed0a</load_address>
         <run_address>0x2000ed0a</run_address>
         <size>0x1</size>
         <input_file_ref idref="fl-6"/>
      </object_component>
      <object_component id="oc-216">
         <name>.data:fatFsResultStrings</name>
         <load_address>0x2000ea84</load_address>
         <run_address>0x2000ea84</run_address>
         <size>0xa0</size>
         <input_file_ref idref="fl-6"/>
      </object_component>
      <object_component id="oc-12a">
         <name>.data</name>
         <load_address>0x2000ed0c</load_address>
         <run_address>0x2000ed0c</run_address>
         <size>0x15</size>
         <input_file_ref idref="fl-9"/>
      </object_component>
      <object_component id="oc-198">
         <name>.data</name>
         <load_address>0x2000ec86</load_address>
         <run_address>0x2000ec86</run_address>
         <size>0x2</size>
         <input_file_ref idref="fl-c"/>
      </object_component>
      <object_component id="oc-186">
         <name>.data</name>
         <load_address>0x2000ed2c</load_address>
         <run_address>0x2000ed2c</run_address>
         <size>0x8</size>
         <input_file_ref idref="fl-13d"/>
      </object_component>
      <object_component id="oc-82">
         <name>.data</name>
         <load_address>0x2000ed40</load_address>
         <run_address>0x2000ed40</run_address>
         <size>0x4</size>
         <input_file_ref idref="fl-149"/>
      </object_component>
      <object_component id="oc-208">
         <name>.data</name>
         <load_address>0x2000eb28</load_address>
         <run_address>0x2000eb28</run_address>
         <size>0x80</size>
         <input_file_ref idref="fl-14e"/>
      </object_component>
      <object_component id="oc-183">
         <name>.data</name>
         <load_address>0x2000ed24</load_address>
         <run_address>0x2000ed24</run_address>
         <size>0x8</size>
         <input_file_ref idref="fl-14f"/>
      </object_component>
      <object_component id="oc-2a1">
         <name>.data</name>
         <load_address>0x2000ed3c</load_address>
         <run_address>0x2000ed3c</run_address>
         <size>0x4</size>
         <input_file_ref idref="fl-153"/>
      </object_component>
      <object_component id="oc-2e0">
         <name>.data</name>
         <load_address>0x2000ed34</load_address>
         <run_address>0x2000ed34</run_address>
         <size>0x8</size>
         <input_file_ref idref="fl-154"/>
      </object_component>
      <object_component id="oc-2fe">
         <name>.data:sigtable</name>
         <load_address>0x2000e9d4</load_address>
         <run_address>0x2000e9d4</run_address>
         <size>0xb0</size>
         <input_file_ref idref="fl-157"/>
      </object_component>
      <object_component id="oc-20f">
         <name>.debug_info</name>
         <load_address>0x0</load_address>
         <run_address>0x0</run_address>
         <size>0xba</size>
         <input_file_ref idref="fl-2"/>
      </object_component>
      <object_component id="oc-108">
         <name>.debug_info</name>
         <load_address>0xba</load_address>
         <run_address>0xba</run_address>
         <size>0x1ae</size>
         <input_file_ref idref="fl-2"/>
      </object_component>
      <object_component id="oc-160">
         <name>.debug_info</name>
         <load_address>0x268</load_address>
         <run_address>0x268</run_address>
         <size>0x84</size>
         <input_file_ref idref="fl-2"/>
      </object_component>
      <object_component id="oc-244">
         <name>.debug_info</name>
         <load_address>0x2ec</load_address>
         <run_address>0x2ec</run_address>
         <size>0x174</size>
         <input_file_ref idref="fl-3"/>
      </object_component>
      <object_component id="oc-1db">
         <name>.debug_info</name>
         <load_address>0x460</load_address>
         <run_address>0x460</run_address>
         <size>0xdd</size>
         <input_file_ref idref="fl-3"/>
      </object_component>
      <object_component id="oc-1de">
         <name>.debug_info</name>
         <load_address>0x53d</load_address>
         <run_address>0x53d</run_address>
         <size>0xd1</size>
         <input_file_ref idref="fl-3"/>
      </object_component>
      <object_component id="oc-1e1">
         <name>.debug_info</name>
         <load_address>0x60e</load_address>
         <run_address>0x60e</run_address>
         <size>0xd6</size>
         <input_file_ref idref="fl-3"/>
      </object_component>
      <object_component id="oc-c1">
         <name>.debug_info</name>
         <load_address>0x6e4</load_address>
         <run_address>0x6e4</run_address>
         <size>0x7e8</size>
         <input_file_ref idref="fl-3"/>
      </object_component>
      <object_component id="oc-125">
         <name>.debug_info</name>
         <load_address>0xecc</load_address>
         <run_address>0xecc</run_address>
         <size>0x8b</size>
         <input_file_ref idref="fl-3"/>
      </object_component>
      <object_component id="oc-120">
         <name>.debug_info</name>
         <load_address>0xf57</load_address>
         <run_address>0xf57</run_address>
         <size>0x18b</size>
         <input_file_ref idref="fl-3"/>
      </object_component>
      <object_component id="oc-140">
         <name>.debug_info</name>
         <load_address>0x10e2</load_address>
         <run_address>0x10e2</run_address>
         <size>0x4e</size>
         <input_file_ref idref="fl-3"/>
      </object_component>
      <object_component id="oc-b5">
         <name>.debug_info</name>
         <load_address>0x1130</load_address>
         <run_address>0x1130</run_address>
         <size>0x981</size>
         <input_file_ref idref="fl-4"/>
      </object_component>
      <object_component id="oc-e4">
         <name>.debug_info</name>
         <load_address>0x1ab1</load_address>
         <run_address>0x1ab1</run_address>
         <size>0x198</size>
         <input_file_ref idref="fl-4"/>
      </object_component>
      <object_component id="oc-b8">
         <name>.debug_info</name>
         <load_address>0x1c49</load_address>
         <run_address>0x1c49</run_address>
         <size>0xde</size>
         <input_file_ref idref="fl-4"/>
      </object_component>
      <object_component id="oc-bb">
         <name>.debug_info</name>
         <load_address>0x1d27</load_address>
         <run_address>0x1d27</run_address>
         <size>0xd2</size>
         <input_file_ref idref="fl-4"/>
      </object_component>
      <object_component id="oc-94">
         <name>.debug_info</name>
         <load_address>0x1df9</load_address>
         <run_address>0x1df9</run_address>
         <size>0x251</size>
         <input_file_ref idref="fl-4"/>
      </object_component>
      <object_component id="oc-cd">
         <name>.debug_info</name>
         <load_address>0x204a</load_address>
         <run_address>0x204a</run_address>
         <size>0xcf</size>
         <input_file_ref idref="fl-4"/>
      </object_component>
      <object_component id="oc-105">
         <name>.debug_info</name>
         <load_address>0x2119</load_address>
         <run_address>0x2119</run_address>
         <size>0xdf</size>
         <input_file_ref idref="fl-4"/>
      </object_component>
      <object_component id="oc-ea">
         <name>.debug_info</name>
         <load_address>0x21f8</load_address>
         <run_address>0x21f8</run_address>
         <size>0xd3</size>
         <input_file_ref idref="fl-4"/>
      </object_component>
      <object_component id="oc-e7">
         <name>.debug_info</name>
         <load_address>0x22cb</load_address>
         <run_address>0x22cb</run_address>
         <size>0xd3</size>
         <input_file_ref idref="fl-4"/>
      </object_component>
      <object_component id="oc-ed">
         <name>.debug_info</name>
         <load_address>0x239e</load_address>
         <run_address>0x239e</run_address>
         <size>0xd5</size>
         <input_file_ref idref="fl-4"/>
      </object_component>
      <object_component id="oc-be">
         <name>.debug_info</name>
         <load_address>0x2473</load_address>
         <run_address>0x2473</run_address>
         <size>0xc9</size>
         <input_file_ref idref="fl-4"/>
      </object_component>
      <object_component id="oc-114">
         <name>.debug_info</name>
         <load_address>0x253c</load_address>
         <run_address>0x253c</run_address>
         <size>0xe1</size>
         <input_file_ref idref="fl-4"/>
      </object_component>
      <object_component id="oc-11a">
         <name>.debug_info</name>
         <load_address>0x261d</load_address>
         <run_address>0x261d</run_address>
         <size>0xe1</size>
         <input_file_ref idref="fl-4"/>
      </object_component>
      <object_component id="oc-117">
         <name>.debug_info</name>
         <load_address>0x26fe</load_address>
         <run_address>0x26fe</run_address>
         <size>0xdb</size>
         <input_file_ref idref="fl-4"/>
      </object_component>
      <object_component id="oc-31">
         <name>.debug_info</name>
         <load_address>0x27d9</load_address>
         <run_address>0x27d9</run_address>
         <size>0x17e0</size>
         <input_file_ref idref="fl-4"/>
      </object_component>
      <object_component id="oc-1ce">
         <name>.debug_info</name>
         <load_address>0x3fb9</load_address>
         <run_address>0x3fb9</run_address>
         <size>0x1d0</size>
         <input_file_ref idref="fl-4"/>
      </object_component>
      <object_component id="oc-231">
         <name>.debug_info</name>
         <load_address>0x4189</load_address>
         <run_address>0x4189</run_address>
         <size>0x1bd</size>
         <input_file_ref idref="fl-5"/>
      </object_component>
      <object_component id="oc-15b">
         <name>.debug_info</name>
         <load_address>0x4346</load_address>
         <run_address>0x4346</run_address>
         <size>0x11c</size>
         <input_file_ref idref="fl-5"/>
      </object_component>
      <object_component id="oc-11d">
         <name>.debug_info</name>
         <load_address>0x4462</load_address>
         <run_address>0x4462</run_address>
         <size>0xd0</size>
         <input_file_ref idref="fl-5"/>
      </object_component>
      <object_component id="oc-158">
         <name>.debug_info</name>
         <load_address>0x4532</load_address>
         <run_address>0x4532</run_address>
         <size>0xd4</size>
         <input_file_ref idref="fl-5"/>
      </object_component>
      <object_component id="oc-3d">
         <name>.debug_info</name>
         <load_address>0x4606</load_address>
         <run_address>0x4606</run_address>
         <size>0x936</size>
         <input_file_ref idref="fl-5"/>
      </object_component>
      <object_component id="oc-223">
         <name>.debug_info</name>
         <load_address>0x4f3c</load_address>
         <run_address>0x4f3c</run_address>
         <size>0x271</size>
         <input_file_ref idref="fl-6"/>
      </object_component>
      <object_component id="oc-21d">
         <name>.debug_info</name>
         <load_address>0x51ad</load_address>
         <run_address>0x51ad</run_address>
         <size>0xcd</size>
         <input_file_ref idref="fl-6"/>
      </object_component>
      <object_component id="oc-220">
         <name>.debug_info</name>
         <load_address>0x527a</load_address>
         <run_address>0x527a</run_address>
         <size>0xc9</size>
         <input_file_ref idref="fl-6"/>
      </object_component>
      <object_component id="oc-21a">
         <name>.debug_info</name>
         <load_address>0x5343</load_address>
         <run_address>0x5343</run_address>
         <size>0xd3</size>
         <input_file_ref idref="fl-6"/>
      </object_component>
      <object_component id="oc-217">
         <name>.debug_info</name>
         <load_address>0x5416</load_address>
         <run_address>0x5416</run_address>
         <size>0xe7</size>
         <input_file_ref idref="fl-6"/>
      </object_component>
      <object_component id="oc-10e">
         <name>.debug_info</name>
         <load_address>0x54fd</load_address>
         <run_address>0x54fd</run_address>
         <size>0x658</size>
         <input_file_ref idref="fl-6"/>
      </object_component>
      <object_component id="oc-224">
         <name>.debug_info</name>
         <load_address>0x5b55</load_address>
         <run_address>0x5b55</run_address>
         <size>0x4c5</size>
         <input_file_ref idref="fl-6"/>
      </object_component>
      <object_component id="oc-19e">
         <name>.debug_info</name>
         <load_address>0x601a</load_address>
         <run_address>0x601a</run_address>
         <size>0xe4</size>
         <input_file_ref idref="fl-6"/>
      </object_component>
      <object_component id="oc-1a3">
         <name>.debug_info</name>
         <load_address>0x60fe</load_address>
         <run_address>0x60fe</run_address>
         <size>0x70</size>
         <input_file_ref idref="fl-6"/>
      </object_component>
      <object_component id="oc-2be">
         <name>.debug_info</name>
         <load_address>0x616e</load_address>
         <run_address>0x616e</run_address>
         <size>0x6b</size>
         <input_file_ref idref="fl-6"/>
      </object_component>
      <object_component id="oc-44">
         <name>.debug_info</name>
         <load_address>0x61d9</load_address>
         <run_address>0x61d9</run_address>
         <size>0x1bf</size>
         <input_file_ref idref="fl-7"/>
      </object_component>
      <object_component id="oc-10">
         <name>.debug_info</name>
         <load_address>0x6398</load_address>
         <run_address>0x6398</run_address>
         <size>0xf2</size>
         <input_file_ref idref="fl-7"/>
      </object_component>
      <object_component id="oc-2b">
         <name>.debug_info</name>
         <load_address>0x648a</load_address>
         <run_address>0x648a</run_address>
         <size>0x271</size>
         <input_file_ref idref="fl-7"/>
      </object_component>
      <object_component id="oc-131">
         <name>.debug_info</name>
         <load_address>0x66fb</load_address>
         <run_address>0x66fb</run_address>
         <size>0x19c</size>
         <input_file_ref idref="fl-9"/>
      </object_component>
      <object_component id="oc-134">
         <name>.debug_info</name>
         <load_address>0x6897</load_address>
         <run_address>0x6897</run_address>
         <size>0x110</size>
         <input_file_ref idref="fl-9"/>
      </object_component>
      <object_component id="oc-12b">
         <name>.debug_info</name>
         <load_address>0x69a7</load_address>
         <run_address>0x69a7</run_address>
         <size>0x1f0</size>
         <input_file_ref idref="fl-9"/>
      </object_component>
      <object_component id="oc-137">
         <name>.debug_info</name>
         <load_address>0x6b97</load_address>
         <run_address>0x6b97</run_address>
         <size>0x110</size>
         <input_file_ref idref="fl-9"/>
      </object_component>
      <object_component id="oc-12e">
         <name>.debug_info</name>
         <load_address>0x6ca7</load_address>
         <run_address>0x6ca7</run_address>
         <size>0x184</size>
         <input_file_ref idref="fl-9"/>
      </object_component>
      <object_component id="oc-37">
         <name>.debug_info</name>
         <load_address>0x6e2b</load_address>
         <run_address>0x6e2b</run_address>
         <size>0x163c</size>
         <input_file_ref idref="fl-9"/>
      </object_component>
      <object_component id="oc-2af">
         <name>.debug_info</name>
         <load_address>0x8467</load_address>
         <run_address>0x8467</run_address>
         <size>0x2d9</size>
         <input_file_ref idref="fl-b"/>
      </object_component>
      <object_component id="oc-211">
         <name>.debug_info</name>
         <load_address>0x8740</load_address>
         <run_address>0x8740</run_address>
         <size>0x2d8b</size>
         <input_file_ref idref="fl-b"/>
      </object_component>
      <object_component id="oc-196">
         <name>.debug_info</name>
         <load_address>0xb4cb</load_address>
         <run_address>0xb4cb</run_address>
         <size>0x184</size>
         <input_file_ref idref="fl-c"/>
      </object_component>
      <object_component id="oc-199">
         <name>.debug_info</name>
         <load_address>0xb64f</load_address>
         <run_address>0xb64f</run_address>
         <size>0x101</size>
         <input_file_ref idref="fl-c"/>
      </object_component>
      <object_component id="oc-8e">
         <name>.debug_info</name>
         <load_address>0xb750</load_address>
         <run_address>0xb750</run_address>
         <size>0x14a1</size>
         <input_file_ref idref="fl-c"/>
      </object_component>
      <object_component id="oc-194">
         <name>.debug_info</name>
         <load_address>0xcbf1</load_address>
         <run_address>0xcbf1</run_address>
         <size>0x1cf</size>
         <input_file_ref idref="fl-12"/>
      </object_component>
      <object_component id="oc-8b">
         <name>.debug_info</name>
         <load_address>0xcdc0</load_address>
         <run_address>0xcdc0</run_address>
         <size>0x1f6</size>
         <input_file_ref idref="fl-12"/>
      </object_component>
      <object_component id="oc-1c0">
         <name>.debug_info</name>
         <load_address>0xcfb6</load_address>
         <run_address>0xcfb6</run_address>
         <size>0x90</size>
         <input_file_ref idref="fl-12"/>
      </object_component>
      <object_component id="oc-18f">
         <name>.debug_info</name>
         <load_address>0xd046</load_address>
         <run_address>0xd046</run_address>
         <size>0x18b</size>
         <input_file_ref idref="fl-12"/>
      </object_component>
      <object_component id="oc-1c5">
         <name>.debug_info</name>
         <load_address>0xd1d1</load_address>
         <run_address>0xd1d1</run_address>
         <size>0x226</size>
         <input_file_ref idref="fl-13"/>
      </object_component>
      <object_component id="oc-1b7">
         <name>.debug_info</name>
         <load_address>0xd3f7</load_address>
         <run_address>0xd3f7</run_address>
         <size>0xff</size>
         <input_file_ref idref="fl-13"/>
      </object_component>
      <object_component id="oc-1ba">
         <name>.debug_info</name>
         <load_address>0xd4f6</load_address>
         <run_address>0xd4f6</run_address>
         <size>0x10b</size>
         <input_file_ref idref="fl-13"/>
      </object_component>
      <object_component id="oc-276">
         <name>.debug_info</name>
         <load_address>0xd601</load_address>
         <run_address>0xd601</run_address>
         <size>0x105</size>
         <input_file_ref idref="fl-13"/>
      </object_component>
      <object_component id="oc-1bd">
         <name>.debug_info</name>
         <load_address>0xd706</load_address>
         <run_address>0xd706</run_address>
         <size>0x112</size>
         <input_file_ref idref="fl-13"/>
      </object_component>
      <object_component id="oc-1ab">
         <name>.debug_info</name>
         <load_address>0xd818</load_address>
         <run_address>0xd818</run_address>
         <size>0x264</size>
         <input_file_ref idref="fl-13"/>
      </object_component>
      <object_component id="oc-1b1">
         <name>.debug_info</name>
         <load_address>0xda7c</load_address>
         <run_address>0xda7c</run_address>
         <size>0x21e</size>
         <input_file_ref idref="fl-13"/>
      </object_component>
      <object_component id="oc-97">
         <name>.debug_info</name>
         <load_address>0xdc9a</load_address>
         <run_address>0xdc9a</run_address>
         <size>0x4c5</size>
         <input_file_ref idref="fl-13"/>
      </object_component>
      <object_component id="oc-282">
         <name>.debug_info</name>
         <load_address>0xe15f</load_address>
         <run_address>0xe15f</run_address>
         <size>0x5f</size>
         <input_file_ref idref="fl-13"/>
      </object_component>
      <object_component id="oc-1c7">
         <name>.debug_info</name>
         <load_address>0xe1be</load_address>
         <run_address>0xe1be</run_address>
         <size>0x1d8</size>
         <input_file_ref idref="fl-15"/>
      </object_component>
      <object_component id="oc-146">
         <name>.debug_info</name>
         <load_address>0xe396</load_address>
         <run_address>0xe396</run_address>
         <size>0x1b4</size>
         <input_file_ref idref="fl-15"/>
      </object_component>
      <object_component id="oc-a3">
         <name>.debug_info</name>
         <load_address>0xe54a</load_address>
         <run_address>0xe54a</run_address>
         <size>0x1fc</size>
         <input_file_ref idref="fl-15"/>
      </object_component>
      <object_component id="oc-a9">
         <name>.debug_info</name>
         <load_address>0xe746</load_address>
         <run_address>0xe746</run_address>
         <size>0x1b0</size>
         <input_file_ref idref="fl-15"/>
      </object_component>
      <object_component id="oc-9d">
         <name>.debug_info</name>
         <load_address>0xe8f6</load_address>
         <run_address>0xe8f6</run_address>
         <size>0x203</size>
         <input_file_ref idref="fl-15"/>
      </object_component>
      <object_component id="oc-14c">
         <name>.debug_info</name>
         <load_address>0xeaf9</load_address>
         <run_address>0xeaf9</run_address>
         <size>0x1e0</size>
         <input_file_ref idref="fl-15"/>
      </object_component>
      <object_component id="oc-152">
         <name>.debug_info</name>
         <load_address>0xecd9</load_address>
         <run_address>0xecd9</run_address>
         <size>0x1b6</size>
         <input_file_ref idref="fl-15"/>
      </object_component>
      <object_component id="oc-1cb">
         <name>.debug_info</name>
         <load_address>0xee8f</load_address>
         <run_address>0xee8f</run_address>
         <size>0x1d7</size>
         <input_file_ref idref="fl-16"/>
      </object_component>
      <object_component id="oc-c7">
         <name>.debug_info</name>
         <load_address>0xf066</load_address>
         <run_address>0xf066</run_address>
         <size>0x207</size>
         <input_file_ref idref="fl-16"/>
      </object_component>
      <object_component id="oc-af">
         <name>.debug_info</name>
         <load_address>0xf26d</load_address>
         <run_address>0xf26d</run_address>
         <size>0x312</size>
         <input_file_ref idref="fl-16"/>
      </object_component>
      <object_component id="oc-25">
         <name>.debug_info</name>
         <load_address>0xf57f</load_address>
         <run_address>0xf57f</run_address>
         <size>0x134</size>
         <input_file_ref idref="fl-139"/>
      </object_component>
      <object_component id="oc-50">
         <name>.debug_info</name>
         <load_address>0xf6b3</load_address>
         <run_address>0xf6b3</run_address>
         <size>0x121</size>
         <input_file_ref idref="fl-13a"/>
      </object_component>
      <object_component id="oc-13">
         <name>.debug_info</name>
         <load_address>0xf7d4</load_address>
         <run_address>0xf7d4</run_address>
         <size>0x1c0</size>
         <input_file_ref idref="fl-13a"/>
      </object_component>
      <object_component id="oc-4b">
         <name>.debug_info</name>
         <load_address>0xf994</load_address>
         <run_address>0xf994</run_address>
         <size>0x46</size>
         <input_file_ref idref="fl-13a"/>
      </object_component>
      <object_component id="oc-166">
         <name>.debug_info</name>
         <load_address>0xf9da</load_address>
         <run_address>0xf9da</run_address>
         <size>0x2c</size>
         <input_file_ref idref="fl-13a"/>
      </object_component>
      <object_component id="oc-58">
         <name>.debug_info</name>
         <load_address>0xfa06</load_address>
         <run_address>0xfa06</run_address>
         <size>0x115</size>
         <input_file_ref idref="fl-13b"/>
      </object_component>
      <object_component id="oc-52">
         <name>.debug_info</name>
         <load_address>0xfb1b</load_address>
         <run_address>0xfb1b</run_address>
         <size>0x228</size>
         <input_file_ref idref="fl-13b"/>
      </object_component>
      <object_component id="oc-19">
         <name>.debug_info</name>
         <load_address>0xfd43</load_address>
         <run_address>0xfd43</run_address>
         <size>0x192</size>
         <input_file_ref idref="fl-13b"/>
      </object_component>
      <object_component id="oc-59">
         <name>.debug_info</name>
         <load_address>0xfed5</load_address>
         <run_address>0xfed5</run_address>
         <size>0x39</size>
         <input_file_ref idref="fl-13b"/>
      </object_component>
      <object_component id="oc-170">
         <name>.debug_info</name>
         <load_address>0xff0e</load_address>
         <run_address>0xff0e</run_address>
         <size>0x2c</size>
         <input_file_ref idref="fl-13b"/>
      </object_component>
      <object_component id="oc-69">
         <name>.debug_info</name>
         <load_address>0xff3a</load_address>
         <run_address>0xff3a</run_address>
         <size>0x110</size>
         <input_file_ref idref="fl-13c"/>
      </object_component>
      <object_component id="oc-1f">
         <name>.debug_info</name>
         <load_address>0x1004a</load_address>
         <run_address>0x1004a</run_address>
         <size>0x18b</size>
         <input_file_ref idref="fl-13c"/>
      </object_component>
      <object_component id="oc-64">
         <name>.debug_info</name>
         <load_address>0x101d5</load_address>
         <run_address>0x101d5</run_address>
         <size>0x46</size>
         <input_file_ref idref="fl-13c"/>
      </object_component>
      <object_component id="oc-18a">
         <name>.debug_info</name>
         <load_address>0x1021b</load_address>
         <run_address>0x1021b</run_address>
         <size>0x172</size>
         <input_file_ref idref="fl-13d"/>
      </object_component>
      <object_component id="oc-187">
         <name>.debug_info</name>
         <load_address>0x1038d</load_address>
         <run_address>0x1038d</run_address>
         <size>0x117</size>
         <input_file_ref idref="fl-13d"/>
      </object_component>
      <object_component id="oc-7d">
         <name>.debug_info</name>
         <load_address>0x104a4</load_address>
         <run_address>0x104a4</run_address>
         <size>0x1ee</size>
         <input_file_ref idref="fl-13d"/>
      </object_component>
      <object_component id="oc-db">
         <name>.debug_info</name>
         <load_address>0x10692</load_address>
         <run_address>0x10692</run_address>
         <size>0x129</size>
         <input_file_ref idref="fl-13e"/>
      </object_component>
      <object_component id="oc-f5">
         <name>.debug_info</name>
         <load_address>0x107bb</load_address>
         <run_address>0x107bb</run_address>
         <size>0x107</size>
         <input_file_ref idref="fl-13f"/>
      </object_component>
      <object_component id="oc-d5">
         <name>.debug_info</name>
         <load_address>0x108c2</load_address>
         <run_address>0x108c2</run_address>
         <size>0x117</size>
         <input_file_ref idref="fl-140"/>
      </object_component>
      <object_component id="oc-fa">
         <name>.debug_info</name>
         <load_address>0x109d9</load_address>
         <run_address>0x109d9</run_address>
         <size>0x117</size>
         <input_file_ref idref="fl-141"/>
      </object_component>
      <object_component id="oc-df">
         <name>.debug_info</name>
         <load_address>0x10af0</load_address>
         <run_address>0x10af0</run_address>
         <size>0x112</size>
         <input_file_ref idref="fl-142"/>
      </object_component>
      <object_component id="oc-f0">
         <name>.debug_info</name>
         <load_address>0x10c02</load_address>
         <run_address>0x10c02</run_address>
         <size>0x109</size>
         <input_file_ref idref="fl-143"/>
      </object_component>
      <object_component id="oc-d0">
         <name>.debug_info</name>
         <load_address>0x10d0b</load_address>
         <run_address>0x10d0b</run_address>
         <size>0x109</size>
         <input_file_ref idref="fl-144"/>
      </object_component>
      <object_component id="oc-46">
         <name>.debug_info</name>
         <load_address>0x10e14</load_address>
         <run_address>0x10e14</run_address>
         <size>0xf6</size>
         <input_file_ref idref="fl-145"/>
      </object_component>
      <object_component id="oc-5f">
         <name>.debug_info</name>
         <load_address>0x10f0a</load_address>
         <run_address>0x10f0a</run_address>
         <size>0x124</size>
         <input_file_ref idref="fl-146"/>
      </object_component>
      <object_component id="oc-6b">
         <name>.debug_info</name>
         <load_address>0x1102e</load_address>
         <run_address>0x1102e</run_address>
         <size>0x129</size>
         <input_file_ref idref="fl-147"/>
      </object_component>
      <object_component id="oc-2e6">
         <name>.debug_info</name>
         <load_address>0x11157</load_address>
         <run_address>0x11157</run_address>
         <size>0x15f</size>
         <input_file_ref idref="fl-148"/>
      </object_component>
      <object_component id="oc-ff">
         <name>.debug_info</name>
         <load_address>0x112b6</load_address>
         <run_address>0x112b6</run_address>
         <size>0x263</size>
         <input_file_ref idref="fl-148"/>
      </object_component>
      <object_component id="oc-2a7">
         <name>.debug_info</name>
         <load_address>0x11519</load_address>
         <run_address>0x11519</run_address>
         <size>0x86</size>
         <input_file_ref idref="fl-148"/>
      </object_component>
      <object_component id="oc-83">
         <name>.debug_info</name>
         <load_address>0x1159f</load_address>
         <run_address>0x1159f</run_address>
         <size>0xea</size>
         <input_file_ref idref="fl-149"/>
      </object_component>
      <object_component id="oc-13b">
         <name>.debug_info</name>
         <load_address>0x11689</load_address>
         <run_address>0x11689</run_address>
         <size>0x11f</size>
         <input_file_ref idref="fl-14a"/>
      </object_component>
      <object_component id="oc-29a">
         <name>.debug_info</name>
         <load_address>0x117a8</load_address>
         <run_address>0x117a8</run_address>
         <size>0x111</size>
         <input_file_ref idref="fl-14b"/>
      </object_component>
      <object_component id="oc-1fd">
         <name>.debug_info</name>
         <load_address>0x118b9</load_address>
         <run_address>0x118b9</run_address>
         <size>0x192</size>
         <input_file_ref idref="fl-14b"/>
      </object_component>
      <object_component id="oc-298">
         <name>.debug_info</name>
         <load_address>0x11a4b</load_address>
         <run_address>0x11a4b</run_address>
         <size>0xfb</size>
         <input_file_ref idref="fl-14c"/>
      </object_component>
      <object_component id="oc-1f8">
         <name>.debug_info</name>
         <load_address>0x11b46</load_address>
         <run_address>0x11b46</run_address>
         <size>0x173</size>
         <input_file_ref idref="fl-14c"/>
      </object_component>
      <object_component id="oc-203">
         <name>.debug_info</name>
         <load_address>0x11cb9</load_address>
         <run_address>0x11cb9</run_address>
         <size>0x153</size>
         <input_file_ref idref="fl-14d"/>
      </object_component>
      <object_component id="oc-209">
         <name>.debug_info</name>
         <load_address>0x11e0c</load_address>
         <run_address>0x11e0c</run_address>
         <size>0x1b5</size>
         <input_file_ref idref="fl-14e"/>
      </object_component>
      <object_component id="oc-269">
         <name>.debug_info</name>
         <load_address>0x11fc1</load_address>
         <run_address>0x11fc1</run_address>
         <size>0x105</size>
         <input_file_ref idref="fl-14f"/>
      </object_component>
      <object_component id="oc-184">
         <name>.debug_info</name>
         <load_address>0x120c6</load_address>
         <run_address>0x120c6</run_address>
         <size>0xf4</size>
         <input_file_ref idref="fl-14f"/>
      </object_component>
      <object_component id="oc-264">
         <name>.debug_info</name>
         <load_address>0x121ba</load_address>
         <run_address>0x121ba</run_address>
         <size>0x200</size>
         <input_file_ref idref="fl-14f"/>
      </object_component>
      <object_component id="oc-182">
         <name>.debug_info</name>
         <load_address>0x123ba</load_address>
         <run_address>0x123ba</run_address>
         <size>0x147</size>
         <input_file_ref idref="fl-150"/>
      </object_component>
      <object_component id="oc-77">
         <name>.debug_info</name>
         <load_address>0x12501</load_address>
         <run_address>0x12501</run_address>
         <size>0x148</size>
         <input_file_ref idref="fl-150"/>
      </object_component>
      <object_component id="oc-25c">
         <name>.debug_info</name>
         <load_address>0x12649</load_address>
         <run_address>0x12649</run_address>
         <size>0x5e</size>
         <input_file_ref idref="fl-150"/>
      </object_component>
      <object_component id="oc-180">
         <name>.debug_info</name>
         <load_address>0x126a7</load_address>
         <run_address>0x126a7</run_address>
         <size>0x29e</size>
         <input_file_ref idref="fl-151"/>
      </object_component>
      <object_component id="oc-71">
         <name>.debug_info</name>
         <load_address>0x12945</load_address>
         <run_address>0x12945</run_address>
         <size>0x158</size>
         <input_file_ref idref="fl-151"/>
      </object_component>
      <object_component id="oc-250">
         <name>.debug_info</name>
         <load_address>0x12a9d</load_address>
         <run_address>0x12a9d</run_address>
         <size>0x39</size>
         <input_file_ref idref="fl-151"/>
      </object_component>
      <object_component id="oc-255">
         <name>.debug_info</name>
         <load_address>0x12ad6</load_address>
         <run_address>0x12ad6</run_address>
         <size>0xcd</size>
         <input_file_ref idref="fl-151"/>
      </object_component>
      <object_component id="oc-24d">
         <name>.debug_info</name>
         <load_address>0x12ba3</load_address>
         <run_address>0x12ba3</run_address>
         <size>0x1c1</size>
         <input_file_ref idref="fl-152"/>
      </object_component>
      <object_component id="oc-17a">
         <name>.debug_info</name>
         <load_address>0x12d64</load_address>
         <run_address>0x12d64</run_address>
         <size>0x164</size>
         <input_file_ref idref="fl-152"/>
      </object_component>
      <object_component id="oc-2ca">
         <name>.debug_info</name>
         <load_address>0x12ec8</load_address>
         <run_address>0x12ec8</run_address>
         <size>0x2c</size>
         <input_file_ref idref="fl-152"/>
      </object_component>
      <object_component id="oc-2a2">
         <name>.debug_info</name>
         <load_address>0x12ef4</load_address>
         <run_address>0x12ef4</run_address>
         <size>0xd6</size>
         <input_file_ref idref="fl-153"/>
      </object_component>
      <object_component id="oc-2fa">
         <name>.debug_info</name>
         <load_address>0x12fca</load_address>
         <run_address>0x12fca</run_address>
         <size>0x13e</size>
         <input_file_ref idref="fl-154"/>
      </object_component>
      <object_component id="oc-2e1">
         <name>.debug_info</name>
         <load_address>0x13108</load_address>
         <run_address>0x13108</run_address>
         <size>0x10e</size>
         <input_file_ref idref="fl-154"/>
      </object_component>
      <object_component id="oc-29c">
         <name>.debug_info</name>
         <load_address>0x13216</load_address>
         <run_address>0x13216</run_address>
         <size>0x16f</size>
         <input_file_ref idref="fl-154"/>
      </object_component>
      <object_component id="oc-2f5">
         <name>.debug_info</name>
         <load_address>0x13385</load_address>
         <run_address>0x13385</run_address>
         <size>0x6f</size>
         <input_file_ref idref="fl-154"/>
      </object_component>
      <object_component id="oc-23e">
         <name>.debug_info</name>
         <load_address>0x133f4</load_address>
         <run_address>0x133f4</run_address>
         <size>0x128</size>
         <input_file_ref idref="fl-155"/>
      </object_component>
      <object_component id="oc-2f2">
         <name>.debug_info</name>
         <load_address>0x1351c</load_address>
         <run_address>0x1351c</run_address>
         <size>0xfd</size>
         <input_file_ref idref="fl-156"/>
      </object_component>
      <object_component id="oc-2db">
         <name>.debug_info</name>
         <load_address>0x13619</load_address>
         <run_address>0x13619</run_address>
         <size>0x154</size>
         <input_file_ref idref="fl-156"/>
      </object_component>
      <object_component id="oc-305">
         <name>.debug_info</name>
         <load_address>0x1376d</load_address>
         <run_address>0x1376d</run_address>
         <size>0x2c</size>
         <input_file_ref idref="fl-156"/>
      </object_component>
      <object_component id="oc-302">
         <name>.debug_info</name>
         <load_address>0x13799</load_address>
         <run_address>0x13799</run_address>
         <size>0x11d</size>
         <input_file_ref idref="fl-157"/>
      </object_component>
      <object_component id="oc-2ff">
         <name>.debug_info</name>
         <load_address>0x138b6</load_address>
         <run_address>0x138b6</run_address>
         <size>0xdb</size>
         <input_file_ref idref="fl-157"/>
      </object_component>
      <object_component id="oc-2ec">
         <name>.debug_info</name>
         <load_address>0x13991</load_address>
         <run_address>0x13991</run_address>
         <size>0x16a</size>
         <input_file_ref idref="fl-157"/>
      </object_component>
      <object_component id="oc-2d5">
         <name>.debug_info</name>
         <load_address>0x13afb</load_address>
         <run_address>0x13afb</run_address>
         <size>0xc6</size>
         <input_file_ref idref="fl-158"/>
      </object_component>
      <object_component id="oc-293">
         <name>.debug_info</name>
         <load_address>0x13bc1</load_address>
         <run_address>0x13bc1</run_address>
         <size>0x14d</size>
         <input_file_ref idref="fl-158"/>
      </object_component>
      <object_component id="oc-336">
         <name>.debug_info</name>
         <load_address>0x13d0e</load_address>
         <run_address>0x13d0e</run_address>
         <size>0xab</size>
      </object_component>
      <object_component id="oc-2ad">
         <name>.debug_line</name>
         <load_address>0x0</load_address>
         <run_address>0x0</run_address>
         <size>0x20</size>
         <input_file_ref idref="fl-2"/>
      </object_component>
      <object_component id="oc-10b">
         <name>.debug_line</name>
         <load_address>0x20</load_address>
         <run_address>0x20</run_address>
         <size>0x6b</size>
         <input_file_ref idref="fl-2"/>
      </object_component>
      <object_component id="oc-163">
         <name>.debug_line</name>
         <load_address>0x8b</load_address>
         <run_address>0x8b</run_address>
         <size>0x20</size>
         <input_file_ref idref="fl-2"/>
      </object_component>
      <object_component id="oc-2c7">
         <name>.debug_line</name>
         <load_address>0xab</load_address>
         <run_address>0xab</run_address>
         <size>0xcb</size>
         <input_file_ref idref="fl-3"/>
      </object_component>
      <object_component id="oc-28c">
         <name>.debug_line</name>
         <load_address>0x176</load_address>
         <run_address>0x176</run_address>
         <size>0x2c</size>
         <input_file_ref idref="fl-3"/>
      </object_component>
      <object_component id="oc-28e">
         <name>.debug_line</name>
         <load_address>0x1a2</load_address>
         <run_address>0x1a2</run_address>
         <size>0x2c</size>
         <input_file_ref idref="fl-3"/>
      </object_component>
      <object_component id="oc-290">
         <name>.debug_line</name>
         <load_address>0x1ce</load_address>
         <run_address>0x1ce</run_address>
         <size>0x2c</size>
         <input_file_ref idref="fl-3"/>
      </object_component>
      <object_component id="oc-c4">
         <name>.debug_line</name>
         <load_address>0x1fa</load_address>
         <run_address>0x1fa</run_address>
         <size>0x1de</size>
         <input_file_ref idref="fl-3"/>
      </object_component>
      <object_component id="oc-128">
         <name>.debug_line</name>
         <load_address>0x3d8</load_address>
         <run_address>0x3d8</run_address>
         <size>0x20</size>
         <input_file_ref idref="fl-3"/>
      </object_component>
      <object_component id="oc-123">
         <name>.debug_line</name>
         <load_address>0x3f8</load_address>
         <run_address>0x3f8</run_address>
         <size>0x60</size>
         <input_file_ref idref="fl-3"/>
      </object_component>
      <object_component id="oc-143">
         <name>.debug_line</name>
         <load_address>0x458</load_address>
         <run_address>0x458</run_address>
         <size>0x60</size>
         <input_file_ref idref="fl-3"/>
      </object_component>
      <object_component id="oc-1cd">
         <name>.debug_line</name>
         <load_address>0x4b8</load_address>
         <run_address>0x4b8</run_address>
         <size>0x1bc</size>
         <input_file_ref idref="fl-4"/>
      </object_component>
      <object_component id="oc-1ec">
         <name>.debug_line</name>
         <load_address>0x674</load_address>
         <run_address>0x674</run_address>
         <size>0x3a</size>
         <input_file_ref idref="fl-4"/>
      </object_component>
      <object_component id="oc-1d4">
         <name>.debug_line</name>
         <load_address>0x6ae</load_address>
         <run_address>0x6ae</run_address>
         <size>0x2c</size>
         <input_file_ref idref="fl-4"/>
      </object_component>
      <object_component id="oc-1d6">
         <name>.debug_line</name>
         <load_address>0x6da</load_address>
         <run_address>0x6da</run_address>
         <size>0x2c</size>
         <input_file_ref idref="fl-4"/>
      </object_component>
      <object_component id="oc-1a9">
         <name>.debug_line</name>
         <load_address>0x706</load_address>
         <run_address>0x706</run_address>
         <size>0x2d</size>
         <input_file_ref idref="fl-4"/>
      </object_component>
      <object_component id="oc-1e6">
         <name>.debug_line</name>
         <load_address>0x733</load_address>
         <run_address>0x733</run_address>
         <size>0x2d</size>
         <input_file_ref idref="fl-4"/>
      </object_component>
      <object_component id="oc-20d">
         <name>.debug_line</name>
         <load_address>0x760</load_address>
         <run_address>0x760</run_address>
         <size>0x2d</size>
         <input_file_ref idref="fl-4"/>
      </object_component>
      <object_component id="oc-1f0">
         <name>.debug_line</name>
         <load_address>0x78d</load_address>
         <run_address>0x78d</run_address>
         <size>0x2d</size>
         <input_file_ref idref="fl-4"/>
      </object_component>
      <object_component id="oc-1ee">
         <name>.debug_line</name>
         <load_address>0x7ba</load_address>
         <run_address>0x7ba</run_address>
         <size>0x2d</size>
         <input_file_ref idref="fl-4"/>
      </object_component>
      <object_component id="oc-1f2">
[...]
      <symbol id="sm-3f1">
         <name>SDMount</name>
         <value>0x74a1</value>
         <object_component_ref idref="oc-10d"/>
      </symbol>
      <symbol id="sm-3f2">
         <name>StringFromFResult</name>
         <value>0x745d</value>
         <object_component_ref idref="oc-10d"/>
      </symbol>
      <symbol id="sm-3f3">
         <name>IsFileOpen</name>
         <value>0x749b</value>
         <object_component_ref idref="oc-10d"/>
      </symbol>
      <symbol id="sm-3f4">
         <name>SDWrite</name>
         <value>0x75b3</value>
         <object_component_ref idref="oc-10d"/>
      </symbol>
      <symbol id="sm-3f5">
         <name>fileOpen</name>
         <value>0x2000ed0a</value>
         <object_component_ref idref="oc-219"/>
      </symbol>
      <symbol id="sm-3f6">
         <name>fil</name>
         <value>0x2000d044</value>
         <object_component_ref idref="oc-21f"/>
      </symbol>
      <symbol id="sm-3f7">
         <name>SDFileOpenRead</name>
         <value>0x753b</value>
         <object_component_ref idref="oc-10d"/>
      </symbol>
      <symbol id="sm-3f8">
         <name>SDRead</name>
         <value>0x75ed</value>
         <object_component_ref idref="oc-10d"/>
      </symbol>
      <symbol id="sm-3f9">
         <name>SDFileOpenWrite</name>
         <value>0x74e5</value>
         <object_component_ref idref="oc-10d"/>
      </symbol>
      <symbol id="sm-3fa">
         <name>fatFS</name>
         <value>0x2000ce10</value>
         <object_component_ref idref="oc-21c"/>
      </symbol>
      <symbol id="sm-3fb">
         <name>SDUnmount</name>
         <value>0x74c3</value>
         <object_component_ref idref="oc-10d"/>
      </symbol>
      <symbol id="sm-417">
         <name>ResetISR</name>
         <value>0x8831</value>
         <object_component_ref idref="oc-2a"/>
      </symbol>
      <symbol id="sm-418">
         <name>g_pfnVectors</name>
         <value>0x0</value>
         <object_component_ref idref="oc-f"/>
      </symbol>
      <symbol id="sm-4dc">
         <name>UARTTxBytesFree</name>
         <value>0x6b99</value>
         <object_component_ref idref="oc-36"/>
      </symbol>
      <symbol id="sm-4dd">
         <name>UARTFlushRx</name>
         <value>0x6c07</value>
         <object_component_ref idref="oc-36"/>
      </symbol>
      <symbol id="sm-4de">
         <name>UARTgetc</name>
         <value>0x6807</value>
         <object_component_ref idref="oc-36"/>
      </symbol>
      <symbol id="sm-4df">
         <name>UARTgets</name>
         <value>0x678b</value>
         <object_component_ref idref="oc-36"/>
      </symbol>
      <symbol id="sm-4e0">
         <name>UARTFlushTx</name>
         <value>0x6c2f</value>
         <object_component_ref idref="oc-36"/>
      </symbol>
      <symbol id="sm-4e1">
         <name>UARTStdioConfig</name>
         <value>0x662d</value>
         <object_component_ref idref="oc-36"/>
      </symbol>
      <symbol id="sm-4e2">
         <name>UARTStdioIntHandler</name>
         <value>0x6ca1</value>
         <object_component_ref idref="oc-36"/>
      </symbol>
      <symbol id="sm-4e3">
         <name>UARTRxBytesAvail</name>
         <value>0x6b8b</value>
         <object_component_ref idref="oc-36"/>
      </symbol>
      <symbol id="sm-4e4">
         <name>UARTwrite</name>
         <value>0x66e5</value>
         <object_component_ref idref="oc-36"/>
      </symbol>
      <symbol id="sm-4e5">
         <name>UARTPeek</name>
         <value>0x6bad</value>
         <object_component_ref idref="oc-36"/>
      </symbol>
      <symbol id="sm-4e6">
         <name>UARTEchoSet</name>
         <value>0x6c6d</value>
         <object_component_ref idref="oc-36"/>
      </symbol>
      <symbol id="sm-4e7">
         <name>UARTprintf</name>
         <value>0x6b67</value>
         <object_component_ref idref="oc-36"/>
      </symbol>
      <symbol id="sm-4e8">
         <name>UARTvprintf</name>
         <value>0x686d</value>
         <object_component_ref idref="oc-36"/>
      </symbol>
      <symbol id="sm-6af">
         <name>f_getfree</name>
         <value>0x542b</value>
         <object_component_ref idref="oc-210"/>
      </symbol>
      <symbol id="sm-6b0">
         <name>f_read</name>
         <value>0x4a3d</value>
         <object_component_ref idref="oc-210"/>
      </symbol>
      <symbol id="sm-6b1">
         <name>f_unlink</name>
         <value>0x5681</value>
         <object_component_ref idref="oc-210"/>
      </symbol>
      <symbol id="sm-6b2">
         <name>f_mkdir</name>
         <value>0x5783</value>
         <object_component_ref idref="oc-210"/>
      </symbol>
      <symbol id="sm-6b3">
         <name>f_chmod</name>
         <value>0x5969</value>
         <object_component_ref idref="oc-210"/>
      </symbol>
      <symbol id="sm-6b4">
         <name>f_utime</name>
         <value>0x59f9</value>
         <object_component_ref idref="oc-210"/>
      </symbol>
      <symbol id="sm-6b5">
         <name>f_sync</name>
         <value>0x4f35</value>
         <object_component_ref idref="oc-210"/>
      </symbol>
      <symbol id="sm-6b6">
         <name>clust2sect</name>
         <value>0x3459</value>
         <object_component_ref idref="oc-210"/>
      </symbol>
      <symbol id="sm-6b7">
         <name>put_fat</name>
         <value>0x35ad</value>
         <object_component_ref idref="oc-210"/>
      </symbol>
      <symbol id="sm-6b8">
         <name>f_write</name>
         <value>0x4c91</value>
         <object_component_ref idref="oc-210"/>
      </symbol>
      <symbol id="sm-6b9">
         <name>f_opendir</name>
         <value>0x529f</value>
         <object_component_ref idref="oc-210"/>
      </symbol>
      <symbol id="sm-6ba">
         <name>f_truncate</name>
         <value>0x558d</value>
         <object_component_ref idref="oc-210"/>
      </symbol>
      <symbol id="sm-6bb">
         <name>f_close</name>
         <value>0x5031</value>
         <object_component_ref idref="oc-210"/>
      </symbol>
      <symbol id="sm-6bc">
         <name>f_rename</name>
         <value>0x5a7d</value>
         <object_component_ref idref="oc-210"/>
      </symbol>
      <symbol id="sm-6bd">
         <name>f_open</name>
         <value>0x4829</value>
         <object_component_ref idref="oc-210"/>
      </symbol>
      <symbol id="sm-6be">
         <name>f_lseek</name>
         <value>0x5051</value>
         <object_component_ref idref="oc-210"/>
      </symbol>
      <symbol id="sm-6bf">
         <name>f_stat</name>
         <value>0x53db</value>
         <object_component_ref idref="oc-210"/>
      </symbol>
      <symbol id="sm-6c0">
         <name>f_mount</name>
         <value>0x47d3</value>
         <object_component_ref idref="oc-210"/>
      </symbol>
      <symbol id="sm-6c1">
         <name>f_readdir</name>
         <value>0x534f</value>
         <object_component_ref idref="oc-210"/>
      </symbol>
      <symbol id="sm-6c2">
         <name>get_fat</name>
         <value>0x3489</value>
         <object_component_ref idref="oc-210"/>
      </symbol>
      <symbol id="sm-77b">
         <name>get_fattime</name>
         <value>0x64ff</value>
         <object_component_ref idref="oc-8d"/>
      </symbol>
      <symbol id="sm-77c">
         <name>disk_status</name>
         <value>0x60e5</value>
         <object_component_ref idref="oc-8d"/>
      </symbol>
      <symbol id="sm-77d">
         <name>disk_timerproc</name>
         <value>0x64bb</value>
         <object_component_ref idref="oc-8d"/>
      </symbol>
      <symbol id="sm-77e">
         <name>disk_read</name>
         <value>0x60ff</value>
         <object_component_ref idref="oc-8d"/>
      </symbol>
      <symbol id="sm-77f">
         <name>disk_initialize</name>
         <value>0x5f41</value>
         <object_component_ref idref="oc-8d"/>
      </symbol>
      <symbol id="sm-780">
         <name>disk_ioctl</name>
         <value>0x62a1</value>
         <object_component_ref idref="oc-8d"/>
      </symbol>
      <symbol id="sm-781">
         <name>disk_write</name>
         <value>0x61af</value>
         <object_component_ref idref="oc-8d"/>
      </symbol>
      <symbol id="sm-798">
         <name>TimerIntClear</name>
         <value>0x8861</value>
         <object_component_ref idref="oc-87"/>
      </symbol>
      <symbol id="sm-806">
         <name>SysCtlDelay</name>
         <value>0x8855</value>
         <object_component_ref idref="oc-1d9"/>
      </symbol>
      <symbol id="sm-807">
         <name>SysCtlClockFreqSet</name>
         <value>0x771d</value>
         <object_component_ref idref="oc-96"/>
      </symbol>
      <symbol id="sm-83d">
         <name>I2CSlaveIntEnableEx</name>
         <value>0x8819</value>
         <object_component_ref idref="oc-a2"/>
      </symbol>
      <symbol id="sm-83e">
         <name>I2CSlaveDataGet</name>
         <value>0x8843</value>
         <object_component_ref idref="oc-151"/>
      </symbol>
      <symbol id="sm-83f">
         <name>I2CSlaveEnable</name>
         <value>0x87ed</value>
         <object_component_ref idref="oc-a8"/>
      </symbol>
      <symbol id="sm-840">
         <name>I2CSlaveDataPut</name>
         <value>0x8849</value>
         <object_component_ref idref="oc-14b"/>
      </symbol>
      <symbol id="sm-841">
         <name>I2CSlaveStatus</name>
         <value>0x884f</value>
         <object_component_ref idref="oc-145"/>
      </symbol>
      <symbol id="sm-842">
         <name>I2CSlaveInit</name>
         <value>0x87fd</value>
         <object_component_ref idref="oc-9c"/>
      </symbol>
      <symbol id="sm-85f">
         <name>GPIOPinWrite</name>
         <value>0x883d</value>
         <object_component_ref idref="oc-c6"/>
      </symbol>
      <symbol id="sm-860">
         <name>GPIOPadConfigSet</name>
         <value>0x7d4f</value>
         <object_component_ref idref="oc-ae"/>
      </symbol>
      <symbol id="sm-873">
         <name>_c_int00</name>
         <value>0x84bd</value>
         <object_component_ref idref="oc-24"/>
      </symbol>
      <symbol id="sm-874">
         <name>__stack</name>
         <value>0x2000ed44</value>
         <object_component_ref idref="oc-29"/>
      </symbol>
      <symbol id="sm-88b">
         <name>__TI_decompress_none</name>
         <value>0x880b</value>
         <object_component_ref idref="oc-12"/>
      </symbol>
      <symbol id="sm-8b3">
         <name>__TI_decompress_rle24</name>
         <value>0x885b</value>
         <object_component_ref idref="oc-18"/>
      </symbol>
      <symbol id="sm-8c5">
         <name>__TI_zero_init</name>
         <value>0x8825</value>
         <object_component_ref idref="oc-1e"/>
      </symbol>
      <symbol id="sm-8e4">
         <name>C$$EXIT</name>
         <value>0x85e9</value>
         <object_component_ref idref="oc-7c"/>
      </symbol>
      <symbol id="sm-8e5">
         <name>abort</name>
         <value>0x85ed</value>
         <object_component_ref idref="oc-7c"/>
      </symbol>
      <symbol id="sm-8e6">
         <name>exit</name>
         <value>0x85f5</value>
         <object_component_ref idref="oc-7c"/>
      </symbol>
      <symbol id="sm-8e7">
         <name>__TI_dtors_ptr</name>
         <value>0x2000ed30</value>
         <object_component_ref idref="oc-186"/>
      </symbol>
      <symbol id="sm-8e8">
         <name>__TI_cleanup_ptr</name>
         <value>0x2000ed2c</value>
         <object_component_ref idref="oc-186"/>
      </symbol>
      <symbol id="sm-90c">
         <name>__aeabi_dsub</name>
         <value>0x7919</value>
         <object_component_ref idref="oc-d9"/>
      </symbol>
      <symbol id="sm-90d">
         <name>__aeabi_dadd</name>
         <value>0x7923</value>
         <object_component_ref idref="oc-d9"/>
      </symbol>
      <symbol id="sm-924">
         <name>__aeabi_cdrcmple</name>
         <value>0x8281</value>
         <object_component_ref idref="oc-f4"/>
      </symbol>
      <symbol id="sm-944">
         <name>__aeabi_ddiv</name>
         <value>0x7c19</value>
         <object_component_ref idref="oc-d4"/>
      </symbol>
      <symbol id="sm-95b">
         <name>__aeabi_dmul</name>
         <value>0x7f91</value>
         <object_component_ref idref="oc-f9"/>
      </symbol>
      <symbol id="sm-968">
         <name>__aeabi_d2f</name>
         <value>0x85a1</value>
         <object_component_ref idref="oc-de"/>
      </symbol>
      <symbol id="sm-976">
         <name>__aeabi_f2d</name>
         <value>0x86ad</value>
         <object_component_ref idref="oc-ef"/>
      </symbol>
      <symbol id="sm-982">
         <name>__aeabi_i2d</name>
         <value>0x8749</value>
         <object_component_ref idref="oc-cf"/>
      </symbol>
      <symbol id="sm-99d">
         <name>memcpy</name>
         <value>0x814b</value>
         <object_component_ref idref="oc-45"/>
      </symbol>
      <symbol id="sm-99e">
         <name>__aeabi_memcpy</name>
         <value>0x814b</value>
         <object_component_ref idref="oc-45"/>
      </symbol>
      <symbol id="sm-99f">
         <name>__aeabi_memcpy8</name>
         <value>0x814b</value>
         <object_component_ref idref="oc-45"/>
      </symbol>
      <symbol id="sm-9a0">
         <name>__aeabi_memcpy4</name>
         <value>0x814b</value>
         <object_component_ref idref="oc-45"/>
      </symbol>
      <symbol id="sm-9af">
         <name>__aeabi_memset</name>
         <value>0x8309</value>
         <object_component_ref idref="oc-5e"/>
      </symbol>
      <symbol id="sm-9b0">
         <name>memset</name>
         <value>0x830f</value>
         <object_component_ref idref="oc-5e"/>
      </symbol>
      <symbol id="sm-9b1">
         <name>__aeabi_memset8</name>
         <value>0x8309</value>
         <object_component_ref idref="oc-5e"/>
      </symbol>
      <symbol id="sm-9b2">
         <name>__aeabi_memset4</name>
         <value>0x8309</value>
         <object_component_ref idref="oc-5e"/>
      </symbol>
      <symbol id="sm-9b3">
         <name>__aeabi_memclr8</name>
         <value>0x8307</value>
         <object_component_ref idref="oc-5e"/>
      </symbol>
      <symbol id="sm-9b4">
         <name>__aeabi_memclr4</name>
         <value>0x8307</value>
         <object_component_ref idref="oc-5e"/>
      </symbol>
      <symbol id="sm-9b5">
         <name>__aeabi_memclr</name>
         <value>0x8307</value>
         <object_component_ref idref="oc-5e"/>
      </symbol>
      <symbol id="sm-9bf">
         <name>_system_pre_init</name>
         <value>0x8865</value>
         <object_component_ref idref="oc-6a"/>
      </symbol>
      <symbol id="sm-9de">
         <name>sqrt</name>
         <value>0x7ad1</value>
         <object_component_ref idref="oc-fe"/>
      </symbol>
      <symbol id="sm-9e6">
         <name>main_func_sp</name>
         <value>0x2000ed40</value>
         <object_component_ref idref="oc-82"/>
      </symbol>
      <symbol id="sm-9f8">
         <name>__aeabi_uidivmod</name>
         <value>0x866d</value>
         <object_component_ref idref="oc-139"/>
      </symbol>
      <symbol id="sm-9f9">
         <name>__aeabi_uidiv</name>
         <value>0x866d</value>
         <object_component_ref idref="oc-139"/>
      </symbol>
      <symbol id="sm-a15">
         <name>_Dscale</name>
         <value>0x7e81</value>
         <object_component_ref idref="oc-1fc"/>
      </symbol>
      <symbol id="sm-a29">
         <name>_Dunscale</name>
         <value>0x8457</value>
         <object_component_ref idref="oc-1f6"/>
      </symbol>
      <symbol id="sm-a38">
         <name>_Feraise</name>
         <value>0x8719</value>
         <object_component_ref idref="oc-202"/>
      </symbol>
      <symbol id="sm-a48">
         <name>_Rteps</name>
         <value>0x2000eb88</value>
         <object_component_ref idref="oc-208"/>
      </symbol>
      <symbol id="sm-a49">
         <name>_Zero</name>
         <value>0x2000eba0</value>
         <object_component_ref idref="oc-208"/>
      </symbol>
      <symbol id="sm-a4a">
         <name>_Hugeval</name>
         <value>0x2000eb48</value>
         <object_component_ref idref="oc-208"/>
      </symbol>
      <symbol id="sm-a4b">
         <name>_Snan</name>
         <value>0x2000eb78</value>
         <object_component_ref idref="oc-208"/>
      </symbol>
      <symbol id="sm-a4c">
         <name>_Nan</name>
         <value>0x2000eb68</value>
         <object_component_ref idref="oc-208"/>
      </symbol>
      <symbol id="sm-a4d">
         <name>_Inf</name>
         <value>0x2000eb58</value>
         <object_component_ref idref="oc-208"/>
      </symbol>
      <symbol id="sm-a4e">
         <name>_Xbig</name>
         <value>0x2000eb98</value>
         <object_component_ref idref="oc-208"/>
      </symbol>
      <symbol id="sm-a4f">
         <name>_Eps</name>
         <value>0x2000eb38</value>
         <object_component_ref idref="oc-208"/>
      </symbol>
      <symbol id="sm-a50">
         <name>_Denorm</name>
         <value>0x2000eb28</value>
         <object_component_ref idref="oc-208"/>
      </symbol>
      <symbol id="sm-a69">
         <name>_nop</name>
         <value>0x87e7</value>
         <object_component_ref idref="oc-261"/>
      </symbol>
      <symbol id="sm-a6a">
         <name>_lock</name>
         <value>0x2000ed24</value>
         <object_component_ref idref="oc-183"/>
      </symbol>
      <symbol id="sm-a6b">
         <name>_unlock</name>
         <value>0x2000ed28</value>
         <object_component_ref idref="oc-183"/>
      </symbol>
      <symbol id="sm-a6c">
         <name>_register_lock</name>
         <value>0x87df</value>
         <object_component_ref idref="oc-261"/>
      </symbol>
      <symbol id="sm-a6d">
         <name>_register_unlock</name>
         <value>0x87d9</value>
         <object_component_ref idref="oc-261"/>
      </symbol>
      <symbol id="sm-a82">
         <name>_args_main</name>
         <value>0x87c1</value>
         <object_component_ref idref="oc-76"/>
      </symbol>
      <symbol id="sm-aa8">
         <name>__TI_auto_init</name>
         <value>0x8381</value>
         <object_component_ref idref="oc-70"/>
      </symbol>
      <symbol id="sm-ac2">
         <name>copy_in</name>
         <value>0x850d</value>
         <object_component_ref idref="oc-179"/>
      </symbol>
      <symbol id="sm-aca">
         <name>_Errno</name>
         <value>0x2000ed3c</value>
         <object_component_ref idref="oc-2a1"/>
      </symbol>
      <symbol id="sm-ae8">
         <name>feraiseexcept</name>
         <value>0x86e5</value>
         <object_component_ref idref="oc-29b"/>
      </symbol>
      <symbol id="sm-ae9">
         <name>_Tls_setup__Fenv</name>
         <value>0x2000ed38</value>
         <object_component_ref idref="oc-2e0"/>
      </symbol>
      <symbol id="sm-aea">
         <name>_Fenv</name>
         <value>0x2000ed34</value>
         <object_component_ref idref="oc-2e0"/>
      </symbol>
      <symbol id="sm-af4">
         <name>__aeabi_idiv0</name>
         <value>0x7acf</value>
         <object_component_ref idref="oc-23d"/>
      </symbol>
      <symbol id="sm-b08">
         <name>raise</name>
         <value>0x8777</value>
         <object_component_ref idref="oc-2da"/>
      </symbol>
      <symbol id="sm-b22">
         <name>signal</name>
         <value>0x862d</value>
         <object_component_ref idref="oc-2eb"/>
      </symbol>
      <symbol id="sm-b37">
         <name>_Dnorm</name>
         <value>0x808d</value>
         <object_component_ref idref="oc-291"/>
      </symbol>
      <symbol id="sm-b38">
         <name>__TI_static_base__</name>
         <value>0x0</value>
      </symbol>
      <symbol id="sm-b3b">
         <name>SHT$$INIT_ARRAY$$Limit</name>
         <value>0x0</value>
      </symbol>
      <symbol id="sm-b3c">
         <name>SHT$$INIT_ARRAY$$Base</name>
         <value>0x0</value>
      </symbol>
   </symbol_table>
   <title>Link successful</title>
</link_info>
